Component: ARM Compiler 6.16 Tool: armlink [5dfeaa00]

==============================================================================

Section Cross References

    startup_stm32f407xx.o(RESET) refers to startup_stm32f407xx.o(STACK) for __initial_sp
    startup_stm32f407xx.o(RESET) refers to startup_stm32f407xx.o(.text) for Reset_Handler
    startup_stm32f407xx.o(RESET) refers to stm32f4xx_it.o(.text.NMI_Handler) for NMI_Handler
    startup_stm32f407xx.o(RESET) refers to stm32f4xx_it.o(.text.HardFault_Handler) for HardFault_Handler
    startup_stm32f407xx.o(RESET) refers to stm32f4xx_it.o(.text.MemManage_Handler) for MemManage_Handler
    startup_stm32f407xx.o(RESET) refers to stm32f4xx_it.o(.text.BusFault_Handler) for BusFault_Handler
    startup_stm32f407xx.o(RESET) refers to stm32f4xx_it.o(.text.UsageFault_Handler) for UsageFault_Handler
    startup_stm32f407xx.o(RESET) refers to port.o(.text.SVC_Handler) for SVC_Handler
    startup_stm32f407xx.o(RESET) refers to stm32f4xx_it.o(.text.DebugMon_Handler) for DebugMon_Handler
    startup_stm32f407xx.o(RESET) refers to port.o(.text.PendSV_Handler) for PendSV_Handler
    startup_stm32f407xx.o(RESET) refers to cmsis_os2.o(.text.SysTick_Handler) for SysTick_Handler
    startup_stm32f407xx.o(RESET) refers to stm32f4xx_it.o(.text.TIM7_IRQHandler) for TIM7_IRQHandler
    startup_stm32f407xx.o(RESET) refers to stm32f4xx_it.o(.text.USART6_IRQHandler) for USART6_IRQHandler
    startup_stm32f407xx.o(.text) refers to system_stm32f4xx.o(.text.SystemInit) for SystemInit
    startup_stm32f407xx.o(.text) refers to entry.o(.ARM.Collect$$$$00000000) for __main
    main.o(.text.main) refers to stm32f4xx_hal.o(.text.HAL_Init) for HAL_Init
    main.o(.text.main) refers to main.o(.text.SystemClock_Config) for SystemClock_Config
    main.o(.text.main) refers to gpio.o(.text.MX_GPIO_Init) for MX_GPIO_Init
    main.o(.text.main) refers to usart.o(.text.MX_USART1_UART_Init) for MX_USART1_UART_Init
    main.o(.text.main) refers to tim.o(.text.MX_TIM3_Init) for MX_TIM3_Init
    main.o(.text.main) refers to usart.o(.text.MX_USART6_UART_Init) for MX_USART6_UART_Init
    main.o(.text.main) refers to spi.o(.text.MX_SPI1_Init) for MX_SPI1_Init
    main.o(.text.main) refers to cmsis_os2.o(.text.osKernelInitialize) for osKernelInitialize
    main.o(.text.main) refers to freertos.o(.text.MX_FREERTOS_Init) for MX_FREERTOS_Init
    main.o(.text.main) refers to cmsis_os2.o(.text.osKernelStart) for osKernelStart
    main.o(.ARM.exidx.text.main) refers to main.o(.text.main) for [Anonymous Symbol]
    main.o(.text.SystemClock_Config) refers to memseta.o(.text) for __aeabi_memclr4
    main.o(.text.SystemClock_Config) refers to stm32f4xx_hal_rcc.o(.text.HAL_RCC_OscConfig) for HAL_RCC_OscConfig
    main.o(.text.SystemClock_Config) refers to stm32f4xx_hal_rcc.o(.text.HAL_RCC_ClockConfig) for HAL_RCC_ClockConfig
    main.o(.text.SystemClock_Config) refers to main.o(.text.Error_Handler) for Error_Handler
    main.o(.ARM.exidx.text.SystemClock_Config) refers to main.o(.text.SystemClock_Config) for [Anonymous Symbol]
    main.o(.ARM.exidx.text.Error_Handler) refers to main.o(.text.Error_Handler) for [Anonymous Symbol]
    main.o(.text.HAL_TIM_PeriodElapsedCallback) refers to stm32f4xx_hal.o(.text.HAL_IncTick) for HAL_IncTick
    main.o(.ARM.exidx.text.HAL_TIM_PeriodElapsedCallback) refers to main.o(.text.HAL_TIM_PeriodElapsedCallback) for [Anonymous Symbol]
    gpio.o(.text.MX_GPIO_Init) refers to stm32f4xx_hal_gpio.o(.text.HAL_GPIO_WritePin) for HAL_GPIO_WritePin
    gpio.o(.text.MX_GPIO_Init) refers to stm32f4xx_hal_gpio.o(.text.HAL_GPIO_Init) for HAL_GPIO_Init
    gpio.o(.ARM.exidx.text.MX_GPIO_Init) refers to gpio.o(.text.MX_GPIO_Init) for [Anonymous Symbol]
    gpio.o(.text.SetLeds) refers to stm32f4xx_hal_gpio.o(.text.HAL_GPIO_WritePin) for HAL_GPIO_WritePin
    gpio.o(.ARM.exidx.text.SetLeds) refers to gpio.o(.text.SetLeds) for [Anonymous Symbol]
    gpio.o(.text.ScanKey) refers to stm32f4xx_hal_gpio.o(.text.HAL_GPIO_ReadPin) for HAL_GPIO_ReadPin
    gpio.o(.text.ScanKey) refers to gpio.o(.bss.ScanKey.oldkey) for ScanKey.oldkey
    gpio.o(.text.ScanKey) refers to gpio.o(.bss.g_keysta) for g_keysta
    gpio.o(.text.ScanKey) refers to gpio.o(.bss.ScanKey.keycnt) for ScanKey.keycnt
    gpio.o(.ARM.exidx.text.ScanKey) refers to gpio.o(.text.ScanKey) for [Anonymous Symbol]
    gpio.o(.text.Write595) refers to stm32f4xx_hal_gpio.o(.text.HAL_GPIO_WritePin) for HAL_GPIO_WritePin
    gpio.o(.ARM.exidx.text.Write595) refers to gpio.o(.text.Write595) for [Anonymous Symbol]
    freertos.o(.text.MX_FREERTOS_Init) refers to freertos.o(.text.StartMainTask) for StartMainTask
    freertos.o(.text.MX_FREERTOS_Init) refers to freertos.o(.rodata.MainTask_attributes) for MainTask_attributes
    freertos.o(.text.MX_FREERTOS_Init) refers to cmsis_os2.o(.text.osThreadNew) for osThreadNew
    freertos.o(.text.MX_FREERTOS_Init) refers to freertos.o(.bss.MainTaskHandle) for MainTaskHandle
[...]
    0x0800ad44   0x0800ad44   0x00000184   Code   RO         1941    .text.xQueueReceive  queue.o
    0x0800aec8   0x0800aec8   0x000000aa   Code   RO         1951    .text.xQueueReceiveFromISR  queue.o
    0x0800af72   0x0800af72   0x00000002   PAD
    0x0800af74   0x0800af74   0x00000088   Code   RO         2126    .text.xTaskCheckForTimeOut  tasks.o
    0x0800affc   0x0800affc   0x00000066   Code   RO         2054    .text.xTaskCreate   tasks.o
    0x0800b062   0x0800b062   0x00000002   PAD
    0x0800b064   0x0800b064   0x00000076   Code   RO         2048    .text.xTaskCreateStatic  tasks.o
    0x0800b0da   0x0800b0da   0x00000002   PAD
    0x0800b0dc   0x0800b0dc   0x00000026   Code   RO         2142    .text.xTaskGetSchedulerState  tasks.o
    0x0800b102   0x0800b102   0x00000002   PAD
    0x0800b104   0x0800b104   0x0000000c   Code   RO         2098    .text.xTaskGetTickCount  tasks.o
    0x0800b110   0x0800b110   0x00000012   Code   RO         2100    .text.xTaskGetTickCountFromISR  tasks.o
    0x0800b122   0x0800b122   0x00000002   PAD
    0x0800b124   0x0800b124   0x00000152   Code   RO         2096    .text.xTaskIncrementTick  tasks.o
    0x0800b276   0x0800b276   0x00000002   PAD
    0x0800b278   0x0800b278   0x00000092   Code   RO         2146    .text.xTaskPriorityDisinherit  tasks.o
    0x0800b30a   0x0800b30a   0x00000002   PAD
    0x0800b30c   0x0800b30c   0x0000008e   Code   RO         2118    .text.xTaskRemoveFromEventList  tasks.o
    0x0800b39a   0x0800b39a   0x00000002   PAD
    0x0800b39c   0x0800b39c   0x00000114   Code   RO         2068    .text.xTaskResumeAll  tasks.o
    0x0800b4b0   0x0800b4b0   0x00000074   Code   RO         2201    .text.xTimerCreateTimerTask  timers.o
    0x0800b524   0x0800b524   0x00000068   Code   RO         2213    .text.xTimerGenericCommand  timers.o
    0x0800b58c   0x0800b58c   0x00000020   Code   RO         3495    i.__0printf         mc_w.l(printfa.o)
    0x0800b5ac   0x0800b5ac   0x00000028   Code   RO         3497    i.__0sprintf        mc_w.l(printfa.o)
    0x0800b5d4   0x0800b5d4   0x00000030   Code   RO         3569    i.__ARM_fpclassify  m_wm.l(fpclassify.o)
    0x0800b604   0x0800b604   0x00000008   Code   RO         3613    i.__aeabi_errno_addr  mc_w.l(errno.o)
    0x0800b60c   0x0800b60c   0x00000004   PAD
    0x0800b610   0x0800b610   0x00000360   Code   RO         3202    i.__hardfp_asin     m_wm.l(asin.o)
    0x0800b970   0x0800b970   0x000002d8   Code   RO         3539    i.__hardfp_atan     m_wm.l(atan.o)
    0x0800bc48   0x0800bc48   0x00000200   Code   RO         3209    i.__hardfp_atan2    m_wm.l(atan2.o)
    0x0800be48   0x0800be48   0x000000c8   Code   RO         3215    i.__hardfp_cos      m_wm.l(cos.o)
    0x0800bf10   0x0800bf10   0x000000c8   Code   RO         3221    i.__hardfp_sin      m_wm.l(sin.o)
    0x0800bfd8   0x0800bfd8   0x00000438   Code   RO         3574    i.__ieee754_rem_pio2  m_wm.l(rred.o)
    0x0800c410   0x0800c410   0x00000170   Code   RO         3546    i.__kernel_cos      m_wm.l(cos_i.o)
    0x0800c580   0x0800c580   0x000000f8   Code   RO         3571    i.__kernel_poly     m_wm.l(poly.o)
    0x0800c678   0x0800c678   0x00000130   Code   RO         3579    i.__kernel_sin      m_wm.l(sin_i.o)
    0x0800c7a8   0x0800c7a8   0x00000014   Code   RO         3550    i.__mathlib_dbl_infnan  m_wm.l(dunder.o)
    0x0800c7bc   0x0800c7bc   0x00000014   Code   RO         3551    i.__mathlib_dbl_infnan2  m_wm.l(dunder.o)
    0x0800c7d0   0x0800c7d0   0x00000020   Code   RO         3552    i.__mathlib_dbl_invalid  m_wm.l(dunder.o)
    0x0800c7f0   0x0800c7f0   0x00000020   Code   RO         3555    i.__mathlib_dbl_underflow  m_wm.l(dunder.o)
    0x0800c810   0x0800c810   0x0000000e   Code   RO         3675    i.__scatterload_copy  mc_w.l(handlers.o)
    0x0800c81e   0x0800c81e   0x00000002   Code   RO         3676    i.__scatterload_null  mc_w.l(handlers.o)
    0x0800c820   0x0800c820   0x0000000e   Code   RO         3677    i.__scatterload_zeroinit  mc_w.l(handlers.o)
    0x0800c82e   0x0800c82e   0x00000002   PAD
    0x0800c830   0x0800c830   0x0000000c   Code   RO         3615    i.__set_errno       mc_w.l(errno.o)
    0x0800c83c   0x0800c83c   0x00000184   Code   RO         3502    i._fp_digits        mc_w.l(printfa.o)
    0x0800c9c0   0x0800c9c0   0x000006dc   Code   RO         3503    i._printf_core      mc_w.l(printfa.o)
    0x0800d09c   0x0800d09c   0x00000024   Code   RO         3504    i._printf_post_padding  mc_w.l(printfa.o)
    0x0800d0c0   0x0800d0c0   0x0000002e   Code   RO         3505    i._printf_pre_padding  mc_w.l(printfa.o)
    0x0800d0ee   0x0800d0ee   0x0000000a   Code   RO         3507    i._sputc            mc_w.l(printfa.o)
    0x0800d0f8   0x0800d0f8   0x00000010   Code   RO         3541    i.atan              m_wm.l(atan.o)
    0x0800d108   0x0800d108   0x00000018   Code   RO         3565    i.fabs              m_wm.l(fabs.o)
    0x0800d120   0x0800d120   0x00000024   Code   RO         3236    i.puts              mc_w.l(puts.o)
    0x0800d144   0x0800d144   0x0000006e   Code   RO         3229    i.sqrt              m_wm.l(sqrt.o)
    0x0800d1b2   0x0800d1b2   0x00000006   PAD
    0x0800d1b8   0x0800d1b8   0x00000050   Data   RO         3205    .constdata          m_wm.l(asin.o)
    0x0800d208   0x0800d208   0x00000098   Data   RO         3542    .constdata          m_wm.l(atan.o)
    0x0800d2a0   0x0800d2a0   0x00000030   Data   RO         3547    .constdata          m_wm.l(cos_i.o)
    0x0800d2d0   0x0800d2d0   0x00000008   Data   RO         3573    .constdata          m_wm.l(qnan.o)
    0x0800d2d8   0x0800d2d8   0x000000cc   Data   RO         3576    .constdata          m_wm.l(rred.o)
    0x0800d3a4   0x0800d3a4   0x00000004   PAD
    0x0800d3a8   0x0800d3a8   0x00000028   Data   RO         3580    .constdata          m_wm.l(sin_i.o)
    0x0800d3d0   0x0800d3d0   0x00000081   Data   RO         3640    .constdata          mc_w.l(ctype_o.o)
    0x0800d451   0x0800d451   0x00000003   PAD
    0x0800d454   0x0800d454   0x00000004   Data   RO         3641    .constdata          mc_w.l(ctype_o.o)
    0x0800d458   0x0800d458   0x00000003   Data   RO         2987    .rodata..L__const.dmp_set_orientation.accel_axes  inv_mpu_dmp_motion_driver.o
    0x0800d45b   0x0800d45b   0x00000003   Data   RO         2986    .rodata..L__const.dmp_set_orientation.gyro_axes  inv_mpu_dmp_motion_driver.o
    0x0800d45e   0x0800d45e   0x00000010   Data   RO         1834    .rodata.AHBPrescTable  system_stm32f4xx.o
    0x0800d46e   0x0800d46e   0x00000008   Data   RO         1835    .rodata.APBPrescTable  system_stm32f4xx.o
    0x0800d476   0x0800d476   0x00000002   PAD
    0x0800d478   0x0800d478   0x00000060   Data   RO         3167    .rodata.Cube        3d_rotateapplication.o
    0x0800d4d8   0x0800d4d8   0x00000024   Data   RO           98    .rodata.DataTask_attributes  freertos.o
    0x0800d4fc   0x0800d4fc   0x00000018   Data   RO         3098    .rodata.EspQueue_attributes  esp01.o
    0x0800d514   0x0800d514   0x00000024   Data   RO           97    .rodata.GUITask_attributes  freertos.o
    0x0800d538   0x0800d538   0x0000000c   Data   RO         2523    .rodata.GUI_Font8ASCII_Prop  f08_ascii.o
    0x0800d544   0x0800d544   0x00000020   Data   RO         2524    .rodata.GUI_Font8_ASCII  f08_ascii.o
    0x0800d564   0x0800d564   0x000002f8   Data   RO         2522    .rodata.GUI_Font8_ASCII_CharInfo  f08_ascii.o
    0x0800d85c   0x0800d85c   0x00000588   Data   RO          395    .rodata.GUI_FontHZKaiTi_12_CharInfo  kaiti_12.o
    0x0800dde4   0x0800dde4   0x0000000c   Data   RO          473    .rodata.GUI_FontHZKaiTi_12_Prop0020  kaiti_12.o
    0x0800ddf0   0x0800ddf0   0x0000000c   Data   RO          472    .rodata.GUI_FontHZKaiTi_12_Propa1a2  kaiti_12.o
    0x0800ddfc   0x0800ddfc   0x0000000c   Data   RO          471    .rodata.GUI_FontHZKaiTi_12_Propa1b6  kaiti_12.o
    0x0800de08   0x0800de08   0x0000000c   Data   RO          470    .rodata.GUI_FontHZKaiTi_12_Propa1e3  kaiti_12.o
    0x0800de14   0x0800de14   0x0000000c   Data   RO          469    .rodata.GUI_FontHZKaiTi_12_Propa1e6  kaiti_12.o
    0x0800de20   0x0800de20   0x0000000c   Data   RO          468    .rodata.GUI_FontHZKaiTi_12_Propa6e6  kaiti_12.o
    0x0800de2c   0x0800de2c   0x0000000c   Data   RO          467    .rodata.GUI_FontHZKaiTi_12_Propb1a8  kaiti_12.o
    0x0800de38   0x0800de38   0x0000000c   Data   RO          466    .rodata.GUI_FontHZKaiTi_12_Propb2ce  kaiti_12.o
    0x0800de44   0x0800de44   0x0000000c   Data   RO          465    .rodata.GUI_FontHZKaiTi_12_Propb2e2  kaiti_12.o
    0x0800de50   0x0800de50   0x0000000c   Data   RO          464    .rodata.GUI_FontHZKaiTi_12_Propb3a4  kaiti_12.o
    0x0800de5c   0x0800de5c   0x0000000c   Data   RO          463    .rodata.GUI_FontHZKaiTi_12_Propb3cc  kaiti_12.o
    0x0800de68   0x0800de68   0x0000000c   Data   RO          462    .rodata.GUI_FontHZKaiTi_12_Propb4ab  kaiti_12.o
    0x0800de74   0x0800de74   0x0000000c   Data   RO          461    .rodata.GUI_FontHZKaiTi_12_Propb4f3  kaiti_12.o
    0x0800de80   0x0800de80   0x0000000c   Data   RO          460    .rodata.GUI_FontHZKaiTi_12_Propb5b1  kaiti_12.o
    0x0800de8c   0x0800de8c   0x0000000c   Data   RO          459    .rodata.GUI_FontHZKaiTi_12_Propb5c1  kaiti_12.o
    0x0800de98   0x0800de98   0x0000000c   Data   RO          458    .rodata.GUI_FontHZKaiTi_12_Propb5e7  kaiti_12.o
    0x0800dea4   0x0800dea4   0x0000000c   Data   RO          457    .rodata.GUI_FontHZKaiTi_12_Propb6ad  kaiti_12.o
    0x0800deb0   0x0800deb0   0x0000000c   Data   RO          456    .rodata.GUI_FontHZKaiTi_12_Propb6af  kaiti_12.o
    0x0800debc   0x0800debc   0x0000000c   Data   RO          455    .rodata.GUI_FontHZKaiTi_12_Propb6c8  kaiti_12.o
    0x0800dec8   0x0800dec8   0x0000000c   Data   RO          454    .rodata.GUI_FontHZKaiTi_12_Propb6cb  kaiti_12.o
    0x0800ded4   0x0800ded4   0x0000000c   Data   RO          453    .rodata.GUI_FontHZKaiTi_12_Propb7c0  kaiti_12.o
    0x0800dee0   0x0800dee0   0x0000000c   Data   RO          452    .rodata.GUI_FontHZKaiTi_12_Propb7f1  kaiti_12.o
    0x0800deec   0x0800deec   0x0000000c   Data   RO          451    .rodata.GUI_FontHZKaiTi_12_Propb8a9  kaiti_12.o
    0x0800def8   0x0800def8   0x0000000c   Data   RO          450    .rodata.GUI_FontHZKaiTi_12_Propb8f4  kaiti_12.o
    0x0800df04   0x0800df04   0x0000000c   Data   RO          449    .rodata.GUI_FontHZKaiTi_12_Propb9f6  kaiti_12.o
    0x0800df10   0x0800df10   0x0000000c   Data   RO          448    .rodata.GUI_FontHZKaiTi_12_Propbabc  kaiti_12.o
    0x0800df1c   0x0800df1c   0x0000000c   Data   RO          447    .rodata.GUI_FontHZKaiTi_12_Propbac5  kaiti_12.o
    0x0800df28   0x0800df28   0x0000000c   Data   RO          446    .rodata.GUI_FontHZKaiTi_12_Propbace  kaiti_12.o
    0x0800df34   0x0800df34   0x0000000c   Data   RO          445    .rodata.GUI_FontHZKaiTi_12_Propbae1  kaiti_12.o
    0x0800df40   0x0800df40   0x0000000c   Data   RO          444    .rodata.GUI_FontHZKaiTi_12_Propbafa  kaiti_12.o
    0x0800df4c   0x0800df4c   0x0000000c   Data   RO          443    .rodata.GUI_FontHZKaiTi_12_Propbbf0  kaiti_12.o
    0x0800df58   0x0800df58   0x0000000c   Data   RO          442    .rodata.GUI_FontHZKaiTi_12_Propbcbc  kaiti_12.o
    0x0800df64   0x0800df64   0x0000000c   Data   RO          441    .rodata.GUI_FontHZKaiTi_12_Propbcc6  kaiti_12.o
    0x0800df70   0x0800df70   0x0000000c   Data   RO          440    .rodata.GUI_FontHZKaiTi_12_Propbce0  kaiti_12.o
    0x0800df7c   0x0800df7c   0x0000000c   Data   RO          439    .rodata.GUI_FontHZKaiTi_12_Propbce4  kaiti_12.o
    0x0800df88   0x0800df88   0x0000000c   Data   RO          438    .rodata.GUI_FontHZKaiTi_12_Propbdc7  kaiti_12.o
    0x0800df94   0x0800df94   0x0000000c   Data   RO          437    .rodata.GUI_FontHZKaiTi_12_Propbdd3  kaiti_12.o
    0x0800dfa0   0x0800dfa0   0x0000000c   Data   RO          436    .rodata.GUI_FontHZKaiTi_12_Propbdfa  kaiti_12.o
    0x0800dfac   0x0800dfac   0x0000000c   Data   RO          435    .rodata.GUI_FontHZKaiTi_12_Propbeaf  kaiti_12.o
    0x0800dfb8   0x0800dfb8   0x0000000c   Data   RO          434    .rodata.GUI_FontHZKaiTi_12_Propbedd  kaiti_12.o
    0x0800dfc4   0x0800dfc4   0x0000000c   Data   RO          433    .rodata.GUI_FontHZKaiTi_12_Propbfb5  kaiti_12.o
    0x0800dfd0   0x0800dfd0   0x0000000c   Data   RO          432    .rodata.GUI_FontHZKaiTi_12_Propbfc6  kaiti_12.o
    0x0800dfdc   0x0800dfdc   0x0000000c   Data   RO          431    .rodata.GUI_FontHZKaiTi_12_Propbfda  kaiti_12.o
    0x0800dfe8   0x0800dfe8   0x0000000c   Data   RO          430    .rodata.GUI_FontHZKaiTi_12_Propc0d6  kaiti_12.o
    0x0800dff4   0x0800dff4   0x0000000c   Data   RO          429    .rodata.GUI_FontHZKaiTi_12_Propc1ac  kaiti_12.o
    0x0800e000   0x0800e000   0x0000000c   Data   RO          428    .rodata.GUI_FontHZKaiTi_12_Propc1d8  kaiti_12.o
    0x0800e00c   0x0800e00c   0x0000000c   Data   RO          427    .rodata.GUI_FontHZKaiTi_12_Propc1e9  kaiti_12.o
    0x0800e018   0x0800e018   0x0000000c   Data   RO          426    .rodata.GUI_FontHZKaiTi_12_Propc3eb  kaiti_12.o
    0x0800e024   0x0800e024   0x0000000c   Data   RO          425    .rodata.GUI_FontHZKaiTi_12_Propc3f4  kaiti_12.o
    0x0800e030   0x0800e030   0x0000000c   Data   RO          424    .rodata.GUI_FontHZKaiTi_12_Propc6f7  kaiti_12.o
    0x0800e03c   0x0800e03c   0x0000000c   Data   RO          423    .rodata.GUI_FontHZKaiTi_12_Propc7b0  kaiti_12.o
    0x0800e048   0x0800e048   0x0000000c   Data   RO          422    .rodata.GUI_FontHZKaiTi_12_Propc7fa  kaiti_12.o
    0x0800e054   0x0800e054   0x0000000c   Data   RO          421    .rodata.GUI_FontHZKaiTi_12_Propc9cf  kaiti_12.o
    0x0800e060   0x0800e060   0x0000000c   Data   RO          420    .rodata.GUI_FontHZKaiTi_12_Propc9dc  kaiti_12.o
    0x0800e06c   0x0800e06c   0x0000000c   Data   RO          419    .rodata.GUI_FontHZKaiTi_12_Propc9e8  kaiti_12.o
    0x0800e078   0x0800e078   0x0000000c   Data   RO          418    .rodata.GUI_FontHZKaiTi_12_Propcab1  kaiti_12.o
    0x0800e084   0x0800e084   0x0000000c   Data   RO          417    .rodata.GUI_FontHZKaiTi_12_Propcab5  kaiti_12.o
    0x0800e090   0x0800e090   0x0000000c   Data   RO          416    .rodata.GUI_FontHZKaiTi_12_Propcac7  kaiti_12.o
    0x0800e09c   0x0800e09c   0x0000000c   Data   RO          415    .rodata.GUI_FontHZKaiTi_12_Propcafd  kaiti_12.o
    0x0800e0a8   0x0800e0a8   0x0000000c   Data   RO          414    .rodata.GUI_FontHZKaiTi_12_Propcda8  kaiti_12.o
    0x0800e0b4   0x0800e0b4   0x0000000c   Data   RO          413    .rodata.GUI_FontHZKaiTi_12_Propceb4  kaiti_12.o
    0x0800e0c0   0x0800e0c0   0x0000000c   Data   RO          412    .rodata.GUI_FontHZKaiTi_12_Propcec2  kaiti_12.o
    0x0800e0cc   0x0800e0cc   0x0000000c   Data   RO          411    .rodata.GUI_FontHZKaiTi_12_Propcede  kaiti_12.o
    0x0800e0d8   0x0800e0d8   0x0000000c   Data   RO          410    .rodata.GUI_FontHZKaiTi_12_Propcfde  kaiti_12.o
    0x0800e0e4   0x0800e0e4   0x0000000c   Data   RO          409    .rodata.GUI_FontHZKaiTi_12_Propcff2  kaiti_12.o
    0x0800e0f0   0x0800e0f0   0x0000000c   Data   RO          408    .rodata.GUI_FontHZKaiTi_12_Propd0c5  kaiti_12.o
    0x0800e0fc   0x0800e0fc   0x0000000c   Data   RO          407    .rodata.GUI_FontHZKaiTi_12_Propd1a7  kaiti_12.o
    0x0800e108   0x0800e108   0x0000000c   Data   RO          406    .rodata.GUI_FontHZKaiTi_12_Propd1d4  kaiti_12.o
    0x0800e114   0x0800e114   0x0000000c   Data   RO          405    .rodata.GUI_FontHZKaiTi_12_Propd1f6  kaiti_12.o
    0x0800e120   0x0800e120   0x0000000c   Data   RO          404    .rodata.GUI_FontHZKaiTi_12_Propd4b6  kaiti_12.o
    0x0800e12c   0x0800e12c   0x0000000c   Data   RO          403    .rodata.GUI_FontHZKaiTi_12_Propd4f8  kaiti_12.o
    0x0800e138   0x0800e138   0x0000000c   Data   RO          402    .rodata.GUI_FontHZKaiTi_12_Propd5f0  kaiti_12.o
    0x0800e144   0x0800e144   0x0000000c   Data   RO          401    .rodata.GUI_FontHZKaiTi_12_Propd6c3  kaiti_12.o
    0x0800e150   0x0800e150   0x0000000c   Data   RO          400    .rodata.GUI_FontHZKaiTi_12_Propd6d0  kaiti_12.o
    0x0800e15c   0x0800e15c   0x0000000c   Data   RO          399    .rodata.GUI_FontHZKaiTi_12_Propd6dd  kaiti_12.o
    0x0800e168   0x0800e168   0x0000000c   Data   RO          398    .rodata.GUI_FontHZKaiTi_12_Propd7d3  kaiti_12.o
    0x0800e174   0x0800e174   0x0000000c   Data   RO          397    .rodata.GUI_FontHZKaiTi_12_Propd8b9  kaiti_12.o
    0x0800e180   0x0800e180   0x0000000c   Data   RO          396    .rodata.GUI_FontHZKaiTi_12_Propecda  kaiti_12.o
    0x0800e18c   0x0800e18c   0x000003d0   Data   RO          602    .rodata.GUI_FontHZKaiTi_16_CharInfo  kaiti_16.o
    0x0800e55c   0x0800e55c   0x0000000c   Data   RO          629    .rodata.GUI_FontHZKaiTi_16_Prop0020  kaiti_16.o
    0x0800e568   0x0800e568   0x0000000c   Data   RO          628    .rodata.GUI_FontHZKaiTi_16_Propb2e2  kaiti_16.o
    0x0800e574   0x0800e574   0x0000000c   Data   RO          627    .rodata.GUI_FontHZKaiTi_16_Propb3c9  kaiti_16.o
    0x0800e580   0x0800e580   0x0000000c   Data   RO          626    .rodata.GUI_FontHZKaiTi_16_Propb3cc  kaiti_16.o
    0x0800e58c   0x0800e58c   0x0000000c   Data   RO          625    .rodata.GUI_FontHZKaiTi_16_Propb4f3  kaiti_16.o
    0x0800e598   0x0800e598   0x0000000c   Data   RO          624    .rodata.GUI_FontHZKaiTi_16_Propb5c1  kaiti_16.o
    0x0800e5a4   0x0800e5a4   0x0000000c   Data   RO          623    .rodata.GUI_FontHZKaiTi_16_Propb5e7  kaiti_16.o
    0x0800e5b0   0x0800e5b0   0x0000000c   Data   RO          622    .rodata.GUI_FontHZKaiTi_16_Propb6ad  kaiti_16.o
    0x0800e5bc   0x0800e5bc   0x0000000c   Data   RO          621    .rodata.GUI_FontHZKaiTi_16_Propb7c0  kaiti_16.o
    0x0800e5c8   0x0800e5c8   0x0000000c   Data   RO          620    .rodata.GUI_FontHZKaiTi_16_Propbabc  kaiti_16.o
    0x0800e5d4   0x0800e5d4   0x0000000c   Data   RO          619    .rodata.GUI_FontHZKaiTi_16_Propbbf0  kaiti_16.o
    0x0800e5e0   0x0800e5e0   0x0000000c   Data   RO          618    .rodata.GUI_FontHZKaiTi_16_Propbcbc  kaiti_16.o
    0x0800e5ec   0x0800e5ec   0x0000000c   Data   RO          617    .rodata.GUI_FontHZKaiTi_16_Propbcc6  kaiti_16.o
    0x0800e5f8   0x0800e5f8   0x0000000c   Data   RO          616    .rodata.GUI_FontHZKaiTi_16_Propbce0  kaiti_16.o
    0x0800e604   0x0800e604   0x0000000c   Data   RO          615    .rodata.GUI_FontHZKaiTi_16_Propbfc6  kaiti_16.o
    0x0800e610   0x0800e610   0x0000000c   Data   RO          614    .rodata.GUI_FontHZKaiTi_16_Propc0d6  kaiti_16.o
    0x0800e61c   0x0800e61c   0x0000000c   Data   RO          613    .rodata.GUI_FontHZKaiTi_16_Propc6f7  kaiti_16.o
    0x0800e628   0x0800e628   0x0000000c   Data   RO          612    .rodata.GUI_FontHZKaiTi_16_Propc9e8  kaiti_16.o
    0x0800e634   0x0800e634   0x0000000c   Data   RO          611    .rodata.GUI_FontHZKaiTi_16_Propd1a7  kaiti_16.o
    0x0800e640   0x0800e640   0x0000000c   Data   RO          610    .rodata.GUI_FontHZKaiTi_16_Propd1d4  kaiti_16.o
    0x0800e64c   0x0800e64c   0x0000000c   Data   RO          609    .rodata.GUI_FontHZKaiTi_16_Propd4b1  kaiti_16.o
    0x0800e658   0x0800e658   0x0000000c   Data   RO          608    .rodata.GUI_FontHZKaiTi_16_Propd4b6  kaiti_16.o
    0x0800e664   0x0800e664   0x0000000c   Data   RO          607    .rodata.GUI_FontHZKaiTi_16_Propd4f8  kaiti_16.o
    0x0800e670   0x0800e670   0x0000000c   Data   RO          606    .rodata.GUI_FontHZKaiTi_16_Propd6dd  kaiti_16.o
    0x0800e67c   0x0800e67c   0x0000000c   Data   RO          605    .rodata.GUI_FontHZKaiTi_16_Propd7d3  kaiti_16.o
    0x0800e688   0x0800e688   0x0000000c   Data   RO          604    .rodata.GUI_FontHZKaiTi_16_Propd8b9  kaiti_16.o
    0x0800e694   0x0800e694   0x0000000c   Data   RO          603    .rodata.GUI_FontHZKaiTi_16_Propecda  kaiti_16.o
    0x0800e6a0   0x0800e6a0   0x000003a0   Data   RO          752    .rodata.GUI_FontHZKaiTi_20_CharInfo  kaiti_20.o
    0x0800ea40   0x0800ea40   0x0000000c   Data   RO          773    .rodata.GUI_FontHZKaiTi_20_Prop0020  kaiti_20.o
    0x0800ea4c   0x0800ea4c   0x0000000c   Data   RO          772    .rodata.GUI_FontHZKaiTi_20_Propb2e2  kaiti_20.o
    0x0800ea58   0x0800ea58   0x0000000c   Data   RO          771    .rodata.GUI_FontHZKaiTi_20_Propb3cc  kaiti_20.o
    0x0800ea64   0x0800ea64   0x0000000c   Data   RO          770    .rodata.GUI_FontHZKaiTi_20_Propb4f3  kaiti_20.o
    0x0800ea70   0x0800ea70   0x0000000c   Data   RO          769    .rodata.GUI_FontHZKaiTi_20_Propb5c1  kaiti_20.o
    0x0800ea7c   0x0800ea7c   0x0000000c   Data   RO          768    .rodata.GUI_FontHZKaiTi_20_Propb5e7  kaiti_20.o
    0x0800ea88   0x0800ea88   0x0000000c   Data   RO          767    .rodata.GUI_FontHZKaiTi_20_Propb7c0  kaiti_20.o
    0x0800ea94   0x0800ea94   0x0000000c   Data   RO          766    .rodata.GUI_FontHZKaiTi_20_Propbabc  kaiti_20.o
    0x0800eaa0   0x0800eaa0   0x0000000c   Data   RO          765    .rodata.GUI_FontHZKaiTi_20_Propbbf0  kaiti_20.o
    0x0800eaac   0x0800eaac   0x0000000c   Data   RO          764    .rodata.GUI_FontHZKaiTi_20_Propbcbc  kaiti_20.o
    0x0800eab8   0x0800eab8   0x0000000c   Data   RO          763    .rodata.GUI_FontHZKaiTi_20_Propbcc6  kaiti_20.o
    0x0800eac4   0x0800eac4   0x0000000c   Data   RO          762    .rodata.GUI_FontHZKaiTi_20_Propbce0  kaiti_20.o
    0x0800ead0   0x0800ead0   0x0000000c   Data   RO          761    .rodata.GUI_FontHZKaiTi_20_Propbfc6  kaiti_20.o
    0x0800eadc   0x0800eadc   0x0000000c   Data   RO          760    .rodata.GUI_FontHZKaiTi_20_Propc6f7  kaiti_20.o
    0x0800eae8   0x0800eae8   0x0000000c   Data   RO          759    .rodata.GUI_FontHZKaiTi_20_Propc9e8  kaiti_20.o
    0x0800eaf4   0x0800eaf4   0x0000000c   Data   RO          758    .rodata.GUI_FontHZKaiTi_20_Propd1a7  kaiti_20.o
    0x0800eb00   0x0800eb00   0x0000000c   Data   RO          757    .rodata.GUI_FontHZKaiTi_20_Propd4b6  kaiti_20.o
    0x0800eb0c   0x0800eb0c   0x0000000c   Data   RO          756    .rodata.GUI_FontHZKaiTi_20_Propd4f8  kaiti_20.o
    0x0800eb18   0x0800eb18   0x0000000c   Data   RO          755    .rodata.GUI_FontHZKaiTi_20_Propd6dd  kaiti_20.o
    0x0800eb24   0x0800eb24   0x0000000c   Data   RO          754    .rodata.GUI_FontHZKaiTi_20_Propd7d3  kaiti_20.o
    0x0800eb30   0x0800eb30   0x0000000c   Data   RO          753    .rodata.GUI_FontHZKaiTi_20_Propd8b9  kaiti_20.o
    0x0800eb3c   0x0800eb3c   0x00000020   Data   RO          474    .rodata.GUI_FontHZ_KaiTi_12  kaiti_12.o
    0x0800eb5c   0x0800eb5c   0x00000020   Data   RO          630    .rodata.GUI_FontHZ_KaiTi_16  kaiti_16.o
    0x0800eb7c   0x0800eb7c   0x00000020   Data   RO          774    .rodata.GUI_FontHZ_KaiTi_20  kaiti_20.o
    0x0800eb9c   0x0800eb9c   0x00000024   Data   RO           95    .rodata.KeyTask_attributes  freertos.o
    0x0800ebc0   0x0800ebc0   0x00000024   Data   RO           94    .rodata.MainTask_attributes  freertos.o
    0x0800ebe4   0x0800ebe4   0x00000024   Data   RO           96    .rodata.UartTask_attributes  freertos.o
    0x0800ec08   0x0800ec08   0x0000000c   Data   RO          781    .rodata._Paldy      dy.o
    0x0800ec14   0x0800ec14   0x0000000c   Data   RO          789    .rodata._Pally      ly.o
    0x0800ec20   0x0800ec20   0x00000180   Data   RO          780    .rodata._acdy       dy.o
    0x0800eda0   0x0800eda0   0x00000180   Data   RO          788    .rodata._acly       ly.o
    0x0800ef20   0x0800ef20   0x000002f8   Data   RO         2521    .rodata.acFont8ASCII  f08_ascii.o
    0x0800f218   0x0800f218   0x0000000c   Data   RO          218    .rodata.acFontHZKaiTi_12_0020  kaiti_12.o
    0x0800f224   0x0800f224   0x0000000c   Data   RO          219    .rodata.acFontHZKaiTi_12_0021  kaiti_12.o
    0x0800f230   0x0800f230   0x0000000c   Data   RO          220    .rodata.acFontHZKaiTi_12_0022  kaiti_12.o
    0x0800f23c   0x0800f23c   0x0000000c   Data   RO          221    .rodata.acFontHZKaiTi_12_0023  kaiti_12.o
    0x0800f248   0x0800f248   0x0000000c   Data   RO          222    .rodata.acFontHZKaiTi_12_0024  kaiti_12.o
    0x0800f254   0x0800f254   0x0000000c   Data   RO          223    .rodata.acFontHZKaiTi_12_0025  kaiti_12.o
    0x0800f260   0x0800f260   0x0000000c   Data   RO          224    .rodata.acFontHZKaiTi_12_0026  kaiti_12.o
    0x0800f26c   0x0800f26c   0x0000000c   Data   RO          225    .rodata.acFontHZKaiTi_12_0027  kaiti_12.o
    0x0800f278   0x0800f278   0x0000000c   Data   RO          226    .rodata.acFontHZKaiTi_12_0028  kaiti_12.o
    0x0800f284   0x0800f284   0x0000000c   Data   RO          227    .rodata.acFontHZKaiTi_12_0029  kaiti_12.o
    0x0800f290   0x0800f290   0x0000000c   Data   RO          228    .rodata.acFontHZKaiTi_12_002a  kaiti_12.o
    0x0800f29c   0x0800f29c   0x0000000c   Data   RO          229    .rodata.acFontHZKaiTi_12_002b  kaiti_12.o
    0x0800f2a8   0x0800f2a8   0x0000000c   Data   RO          230    .rodata.acFontHZKaiTi_12_002c  kaiti_12.o
    0x0800f2b4   0x0800f2b4   0x0000000c   Data   RO          231    .rodata.acFontHZKaiTi_12_002d  kaiti_12.o
    0x0800f2c0   0x0800f2c0   0x0000000c   Data   RO          232    .rodata.acFontHZKaiTi_12_002e  kaiti_12.o
    0x0800f2cc   0x0800f2cc   0x0000000c   Data   RO          233    .rodata.acFontHZKaiTi_12_002f  kaiti_12.o
    0x0800f2d8   0x0800f2d8   0x0000000c   Data   RO          234    .rodata.acFontHZKaiTi_12_0030  kaiti_12.o
    0x0800f2e4   0x0800f2e4   0x0000000c   Data   RO          235    .rodata.acFontHZKaiTi_12_0031  kaiti_12.o
    0x0800f2f0   0x0800f2f0   0x0000000c   Data   RO          236    .rodata.acFontHZKaiTi_12_0032  kaiti_12.o
    0x0800f2fc   0x0800f2fc   0x0000000c   Data   RO          237    .rodata.acFontHZKaiTi_12_0033  kaiti_12.o
    0x0800f308   0x0800f308   0x0000000c   Data   RO          238    .rodata.acFontHZKaiTi_12_0034  kaiti_12.o
    0x0800f314   0x0800f314   0x0000000c   Data   RO          239    .rodata.acFontHZKaiTi_12_0035  kaiti_12.o
    0x0800f320   0x0800f320   0x0000000c   Data   RO          240    .rodata.acFontHZKaiTi_12_0036  kaiti_12.o
    0x0800f32c   0x0800f32c   0x0000000c   Data   RO          241    .rodata.acFontHZKaiTi_12_0037  kaiti_12.o
    0x0800f338   0x0800f338   0x0000000c   Data   RO          242    .rodata.acFontHZKaiTi_12_0038  kaiti_12.o
    0x0800f344   0x0800f344   0x0000000c   Data   RO          243    .rodata.acFontHZKaiTi_12_0039  kaiti_12.o
    0x0800f350   0x0800f350   0x0000000c   Data   RO          244    .rodata.acFontHZKaiTi_12_003a  kaiti_12.o
    0x0800f35c   0x0800f35c   0x0000000c   Data   RO          245    .rodata.acFontHZKaiTi_12_003b  kaiti_12.o
    0x0800f368   0x0800f368   0x0000000c   Data   RO          246    .rodata.acFontHZKaiTi_12_003c  kaiti_12.o
    0x0800f374   0x0800f374   0x0000000c   Data   RO          247    .rodata.acFontHZKaiTi_12_003d  kaiti_12.o
    0x0800f380   0x0800f380   0x0000000c   Data   RO          248    .rodata.acFontHZKaiTi_12_003e  kaiti_12.o
    0x0800f38c   0x0800f38c   0x0000000c   Data   RO          249    .rodata.acFontHZKaiTi_12_003f  kaiti_12.o
    0x0800f398   0x0800f398   0x0000000c   Data   RO          250    .rodata.acFontHZKaiTi_12_0040  kaiti_12.o
    0x0800f3a4   0x0800f3a4   0x0000000c   Data   RO          251    .rodata.acFontHZKaiTi_12_0041  kaiti_12.o
    0x0800f3b0   0x0800f3b0   0x0000000c   Data   RO          252    .rodata.acFontHZKaiTi_12_0042  kaiti_12.o
    0x0800f3bc   0x0800f3bc   0x0000000c   Data   RO          253    .rodata.acFontHZKaiTi_12_0043  kaiti_12.o
    0x0800f3c8   0x0800f3c8   0x0000000c   Data   RO          254    .rodata.acFontHZKaiTi_12_0044  kaiti_12.o
    0x0800f3d4   0x0800f3d4   0x0000000c   Data   RO          255    .rodata.acFontHZKaiTi_12_0045  kaiti_12.o
    0x0800f3e0   0x0800f3e0   0x0000000c   Data   RO          256    .rodata.acFontHZKaiTi_12_0046  kaiti_12.o
    0x0800f3ec   0x0800f3ec   0x0000000c   Data   RO          257    .rodata.acFontHZKaiTi_12_0047  kaiti_12.o
    0x0800f3f8   0x0800f3f8   0x0000000c   Data   RO          258    .rodata.acFontHZKaiTi_12_0048  kaiti_12.o
    0x0800f404   0x0800f404   0x0000000c   Data   RO          259    .rodata.acFontHZKaiTi_12_0049  kaiti_12.o
    0x0800f410   0x0800f410   0x0000000c   Data   RO          260    .rodata.acFontHZKaiTi_12_004a  kaiti_12.o
    0x0800f41c   0x0800f41c   0x0000000c   Data   RO          261    .rodata.acFontHZKaiTi_12_004b  kaiti_12.o
    0x0800f428   0x0800f428   0x0000000c   Data   RO          262    .rodata.acFontHZKaiTi_12_004c  kaiti_12.o
    0x0800f434   0x0800f434   0x0000000c   Data   RO          263    .rodata.acFontHZKaiTi_12_004d  kaiti_12.o
    0x0800f440   0x0800f440   0x0000000c   Data   RO          264    .rodata.acFontHZKaiTi_12_004e  kaiti_12.o
    0x0800f44c   0x0800f44c   0x0000000c   Data   RO          265    .rodata.acFontHZKaiTi_12_004f  kaiti_12.o
    0x0800f458   0x0800f458   0x0000000c   Data   RO          266    .rodata.acFontHZKaiTi_12_0050  kaiti_12.o
    0x0800f464   0x0800f464   0x0000000c   Data   RO          267    .rodata.acFontHZKaiTi_12_0051  kaiti_12.o
    0x0800f470   0x0800f470   0x0000000c   Data   RO          268    .rodata.acFontHZKaiTi_12_0052  kaiti_12.o
    0x0800f47c   0x0800f47c   0x0000000c   Data   RO          269    .rodata.acFontHZKaiTi_12_0053  kaiti_12.o
    0x0800f488   0x0800f488   0x0000000c   Data   RO          270    .rodata.acFontHZKaiTi_12_0054  kaiti_12.o
    0x0800f494   0x0800f494   0x0000000c   Data   RO          271    .rodata.acFontHZKaiTi_12_0055  kaiti_12.o
    0x0800f4a0   0x0800f4a0   0x0000000c   Data   RO          272    .rodata.acFontHZKaiTi_12_0056  kaiti_12.o
    0x0800f4ac   0x0800f4ac   0x0000000c   Data   RO          273    .rodata.acFontHZKaiTi_12_0057  kaiti_12.o
    0x0800f4b8   0x0800f4b8   0x0000000c   Data   RO          274    .rodata.acFontHZKaiTi_12_0058  kaiti_12.o
    0x0800f4c4   0x0800f4c4   0x0000000c   Data   RO          275    .rodata.acFontHZKaiTi_12_0059  kaiti_12.o
    0x0800f4d0   0x0800f4d0   0x0000000c   Data   RO          276    .rodata.acFontHZKaiTi_12_005a  kaiti_12.o
    0x0800f4dc   0x0800f4dc   0x0000000c   Data   RO          277    .rodata.acFontHZKaiTi_12_005b  kaiti_12.o
    0x0800f4e8   0x0800f4e8   0x0000000c   Data   RO          278    .rodata.acFontHZKaiTi_12_005c  kaiti_12.o
    0x0800f4f4   0x0800f4f4   0x0000000c   Data   RO          279    .rodata.acFontHZKaiTi_12_005d  kaiti_12.o
    0x0800f500   0x0800f500   0x0000000c   Data   RO          280    .rodata.acFontHZKaiTi_12_005e  kaiti_12.o
    0x0800f50c   0x0800f50c   0x0000000c   Data   RO          281    .rodata.acFontHZKaiTi_12_005f  kaiti_12.o
    0x0800f518   0x0800f518   0x0000000c   Data   RO          282    .rodata.acFontHZKaiTi_12_0060  kaiti_12.o
    0x0800f524   0x0800f524   0x0000000c   Data   RO          283    .rodata.acFontHZKaiTi_12_0061  kaiti_12.o
    0x0800f530   0x0800f530   0x0000000c   Data   RO          284    .rodata.acFontHZKaiTi_12_0062  kaiti_12.o
    0x0800f53c   0x0800f53c   0x0000000c   Data   RO          285    .rodata.acFontHZKaiTi_12_0063  kaiti_12.o
    0x0800f548   0x0800f548   0x0000000c   Data   RO          286    .rodata.acFontHZKaiTi_12_0064  kaiti_12.o
    0x0800f554   0x0800f554   0x0000000c   Data   RO          287    .rodata.acFontHZKaiTi_12_0065  kaiti_12.o
    0x0800f560   0x0800f560   0x0000000c   Data   RO          288    .rodata.acFontHZKaiTi_12_0066  kaiti_12.o
    0x0800f56c   0x0800f56c   0x0000000c   Data   RO          289    .rodata.acFontHZKaiTi_12_0067  kaiti_12.o
    0x0800f578   0x0800f578   0x0000000c   Data   RO          290    .rodata.acFontHZKaiTi_12_0068  kaiti_12.o
    0x0800f584   0x0800f584   0x0000000c   Data   RO          291    .rodata.acFontHZKaiTi_12_0069  kaiti_12.o
    0x0800f590   0x0800f590   0x0000000c   Data   RO          292    .rodata.acFontHZKaiTi_12_006a  kaiti_12.o
    0x0800f59c   0x0800f59c   0x0000000c   Data   RO          293    .rodata.acFontHZKaiTi_12_006b  kaiti_12.o
    0x0800f5a8   0x0800f5a8   0x0000000c   Data   RO          294    .rodata.acFontHZKaiTi_12_006c  kaiti_12.o
    0x0800f5b4   0x0800f5b4   0x0000000c   Data   RO          295    .rodata.acFontHZKaiTi_12_006d  kaiti_12.o
    0x0800f5c0   0x0800f5c0   0x0000000c   Data   RO          296    .rodata.acFontHZKaiTi_12_006e  kaiti_12.o
    0x0800f5cc   0x0800f5cc   0x0000000c   Data   RO          297    .rodata.acFontHZKaiTi_12_006f  kaiti_12.o
    0x0800f5d8   0x0800f5d8   0x0000000c   Data   RO          298    .rodata.acFontHZKaiTi_12_0070  kaiti_12.o
    0x0800f5e4   0x0800f5e4   0x0000000c   Data   RO          299    .rodata.acFontHZKaiTi_12_0071  kaiti_12.o
    0x0800f5f0   0x0800f5f0   0x0000000c   Data   RO          300    .rodata.acFontHZKaiTi_12_0072  kaiti_12.o
    0x0800f5fc   0x0800f5fc   0x0000000c   Data   RO          301    .rodata.acFontHZKaiTi_12_0073  kaiti_12.o
    0x0800f608   0x0800f608   0x0000000c   Data   RO          302    .rodata.acFontHZKaiTi_12_0074  kaiti_12.o
    0x0800f614   0x0800f614   0x0000000c   Data   RO          303    .rodata.acFontHZKaiTi_12_0075  kaiti_12.o
    0x0800f620   0x0800f620   0x0000000c   Data   RO          304    .rodata.acFontHZKaiTi_12_0076  kaiti_12.o
    0x0800f62c   0x0800f62c   0x0000000c   Data   RO          305    .rodata.acFontHZKaiTi_12_0077  kaiti_12.o
    0x0800f638   0x0800f638   0x0000000c   Data   RO          306    .rodata.acFontHZKaiTi_12_0078  kaiti_12.o
    0x0800f644   0x0800f644   0x0000000c   Data   RO          307    .rodata.acFontHZKaiTi_12_0079  kaiti_12.o
    0x0800f650   0x0800f650   0x0000000c   Data   RO          308    .rodata.acFontHZKaiTi_12_007a  kaiti_12.o
    0x0800f65c   0x0800f65c   0x0000000c   Data   RO          309    .rodata.acFontHZKaiTi_12_007b  kaiti_12.o
    0x0800f668   0x0800f668   0x0000000c   Data   RO          310    .rodata.acFontHZKaiTi_12_007c  kaiti_12.o
    0x0800f674   0x0800f674   0x0000000c   Data   RO          311    .rodata.acFontHZKaiTi_12_007d  kaiti_12.o
    0x0800f680   0x0800f680   0x0000000c   Data   RO          312    .rodata.acFontHZKaiTi_12_007e  kaiti_12.o
    0x0800f68c   0x0800f68c   0x0000000c   Data   RO          313    .rodata.acFontHZKaiTi_12_007f  kaiti_12.o
    0x0800f698   0x0800f698   0x00000018   Data   RO          314    .rodata.acFontHZKaiTi_12_a1a2  kaiti_12.o
    0x0800f6b0   0x0800f6b0   0x00000018   Data   RO          315    .rodata.acFontHZKaiTi_12_a1b6  kaiti_12.o
    0x0800f6c8   0x0800f6c8   0x00000018   Data   RO          316    .rodata.acFontHZKaiTi_12_a1b7  kaiti_12.o
    0x0800f6e0   0x0800f6e0   0x00000018   Data   RO          317    .rodata.acFontHZKaiTi_12_a1e3  kaiti_12.o
    0x0800f6f8   0x0800f6f8   0x00000018   Data   RO          318    .rodata.acFontHZKaiTi_12_a1e6  kaiti_12.o
    0x0800f710   0x0800f710   0x00000018   Data   RO          319    .rodata.acFontHZKaiTi_12_a6e6  kaiti_12.o
    0x0800f728   0x0800f728   0x00000018   Data   RO          320    .rodata.acFontHZKaiTi_12_a6e7  kaiti_12.o
    0x0800f740   0x0800f740   0x00000018   Data   RO          321    .rodata.acFontHZKaiTi_12_b1a8  kaiti_12.o
    0x0800f758   0x0800f758   0x00000018   Data   RO          322    .rodata.acFontHZKaiTi_12_b2ce  kaiti_12.o
    0x0800f770   0x0800f770   0x00000018   Data   RO          323    .rodata.acFontHZKaiTi_12_b2e2  kaiti_12.o
    0x0800f788   0x0800f788   0x00000018   Data   RO          324    .rodata.acFontHZKaiTi_12_b3a4  kaiti_12.o
    0x0800f7a0   0x0800f7a0   0x00000018   Data   RO          325    .rodata.acFontHZKaiTi_12_b3cc  kaiti_12.o
    0x0800f7b8   0x0800f7b8   0x00000018   Data   RO          326    .rodata.acFontHZKaiTi_12_b4ab  kaiti_12.o
    0x0800f7d0   0x0800f7d0   0x00000018   Data   RO          327    .rodata.acFontHZKaiTi_12_b4f3  kaiti_12.o
    0x0800f7e8   0x0800f7e8   0x00000018   Data   RO          328    .rodata.acFontHZKaiTi_12_b5b1  kaiti_12.o
    0x0800f800   0x0800f800   0x00000018   Data   RO          329    .rodata.acFontHZKaiTi_12_b5c1  kaiti_12.o
    0x0800f818   0x0800f818   0x00000018   Data   RO          330    .rodata.acFontHZKaiTi_12_b5e7  kaiti_12.o
    0x0800f830   0x0800f830   0x00000018   Data   RO          331    .rodata.acFontHZKaiTi_12_b6ad  kaiti_12.o
    0x0800f848   0x0800f848   0x00000018   Data   RO          332    .rodata.acFontHZKaiTi_12_b6af  kaiti_12.o
    0x0800f860   0x0800f860   0x00000018   Data   RO          333    .rodata.acFontHZKaiTi_12_b6c8  kaiti_12.o
    0x0800f878   0x0800f878   0x00000018   Data   RO          334    .rodata.acFontHZKaiTi_12_b6cb  kaiti_12.o
    0x0800f890   0x0800f890   0x00000018   Data   RO          335    .rodata.acFontHZKaiTi_12_b7c0  kaiti_12.o
    0x0800f8a8   0x0800f8a8   0x00000018   Data   RO          336    .rodata.acFontHZKaiTi_12_b7f1  kaiti_12.o
    0x0800f8c0   0x0800f8c0   0x00000018   Data   RO          337    .rodata.acFontHZKaiTi_12_b8a9  kaiti_12.o
    0x0800f8d8   0x0800f8d8   0x00000018   Data   RO          338    .rodata.acFontHZKaiTi_12_b8f4  kaiti_12.o
    0x0800f8f0   0x0800f8f0   0x00000018   Data   RO          339    .rodata.acFontHZKaiTi_12_b9f6  kaiti_12.o
    0x0800f908   0x0800f908   0x00000018   Data   RO          340    .rodata.acFontHZKaiTi_12_babc  kaiti_12.o
    0x0800f920   0x0800f920   0x00000018   Data   RO          341    .rodata.acFontHZKaiTi_12_babd  kaiti_12.o
    0x0800f938   0x0800f938   0x00000018   Data   RO          342    .rodata.acFontHZKaiTi_12_bac5  kaiti_12.o
    0x0800f950   0x0800f950   0x00000018   Data   RO          343    .rodata.acFontHZKaiTi_12_bace  kaiti_12.o
    0x0800f968   0x0800f968   0x00000018   Data   RO          344    .rodata.acFontHZKaiTi_12_bae1  kaiti_12.o
    0x0800f980   0x0800f980   0x00000018   Data   RO          345    .rodata.acFontHZKaiTi_12_bafa  kaiti_12.o
    0x0800f998   0x0800f998   0x00000018   Data   RO          346    .rodata.acFontHZKaiTi_12_bbf0  kaiti_12.o
    0x0800f9b0   0x0800f9b0   0x00000018   Data   RO          347    .rodata.acFontHZKaiTi_12_bcbc  kaiti_12.o
    0x0800f9c8   0x0800f9c8   0x00000018   Data   RO          348    .rodata.acFontHZKaiTi_12_bcc6  kaiti_12.o
    0x0800f9e0   0x0800f9e0   0x00000018   Data   RO          349    .rodata.acFontHZKaiTi_12_bce0  kaiti_12.o
    0x0800f9f8   0x0800f9f8   0x00000018   Data   RO          350    .rodata.acFontHZKaiTi_12_bce4  kaiti_12.o
    0x0800fa10   0x0800fa10   0x00000018   Data   RO          351    .rodata.acFontHZKaiTi_12_bdc7  kaiti_12.o
    0x0800fa28   0x0800fa28   0x00000018   Data   RO          352    .rodata.acFontHZKaiTi_12_bdd3  kaiti_12.o
    0x0800fa40   0x0800fa40   0x00000018   Data   RO          353    .rodata.acFontHZKaiTi_12_bdfa  kaiti_12.o
    0x0800fa58   0x0800fa58   0x00000018   Data   RO          354    .rodata.acFontHZKaiTi_12_beaf  kaiti_12.o
    0x0800fa70   0x0800fa70   0x00000018   Data   RO          355    .rodata.acFontHZKaiTi_12_bedd  kaiti_12.o
    0x0800fa88   0x0800fa88   0x00000018   Data   RO          356    .rodata.acFontHZKaiTi_12_bfb5  kaiti_12.o
    0x0800faa0   0x0800faa0   0x00000018   Data   RO          357    .rodata.acFontHZKaiTi_12_bfc6  kaiti_12.o
    0x0800fab8   0x0800fab8   0x00000018   Data   RO          358    .rodata.acFontHZKaiTi_12_bfda  kaiti_12.o
    0x0800fad0   0x0800fad0   0x00000018   Data   RO          359    .rodata.acFontHZKaiTi_12_c0d6  kaiti_12.o
    0x0800fae8   0x0800fae8   0x00000018   Data   RO          360    .rodata.acFontHZKaiTi_12_c1ac  kaiti_12.o
    0x0800fb00   0x0800fb00   0x00000018   Data   RO          361    .rodata.acFontHZKaiTi_12_c1d8  kaiti_12.o
    0x0800fb18   0x0800fb18   0x00000018   Data   RO          362    .rodata.acFontHZKaiTi_12_c1e9  kaiti_12.o
    0x0800fb30   0x0800fb30   0x00000018   Data   RO          363    .rodata.acFontHZKaiTi_12_c3eb  kaiti_12.o
    0x0800fb48   0x0800fb48   0x00000018   Data   RO          364    .rodata.acFontHZKaiTi_12_c3f4  kaiti_12.o
    0x0800fb60   0x0800fb60   0x00000018   Data   RO          365    .rodata.acFontHZKaiTi_12_c6f7  kaiti_12.o
    0x0800fb78   0x0800fb78   0x00000018   Data   RO          366    .rodata.acFontHZKaiTi_12_c7b0  kaiti_12.o
    0x0800fb90   0x0800fb90   0x00000018   Data   RO          367    .rodata.acFontHZKaiTi_12_c7fa  kaiti_12.o
    0x0800fba8   0x0800fba8   0x00000018   Data   RO          368    .rodata.acFontHZKaiTi_12_c9cf  kaiti_12.o
    0x0800fbc0   0x0800fbc0   0x00000018   Data   RO          369    .rodata.acFontHZKaiTi_12_c9dc  kaiti_12.o
    0x0800fbd8   0x0800fbd8   0x00000018   Data   RO          370    .rodata.acFontHZKaiTi_12_c9e8  kaiti_12.o
    0x0800fbf0   0x0800fbf0   0x00000018   Data   RO          371    .rodata.acFontHZKaiTi_12_cab1  kaiti_12.o
    0x0800fc08   0x0800fc08   0x00000018   Data   RO          372    .rodata.acFontHZKaiTi_12_cab5  kaiti_12.o
    0x0800fc20   0x0800fc20   0x00000018   Data   RO          373    .rodata.acFontHZKaiTi_12_cac7  kaiti_12.o
    0x0800fc38   0x0800fc38   0x00000018   Data   RO          374    .rodata.acFontHZKaiTi_12_cafd  kaiti_12.o
    0x0800fc50   0x0800fc50   0x00000018   Data   RO          375    .rodata.acFontHZKaiTi_12_cda8  kaiti_12.o
    0x0800fc68   0x0800fc68   0x00000018   Data   RO          376    .rodata.acFontHZKaiTi_12_ceb4  kaiti_12.o
    0x0800fc80   0x0800fc80   0x00000018   Data   RO          377    .rodata.acFontHZKaiTi_12_cec2  kaiti_12.o
    0x0800fc98   0x0800fc98   0x00000018   Data   RO          378    .rodata.acFontHZKaiTi_12_cede  kaiti_12.o
    0x0800fcb0   0x0800fcb0   0x00000018   Data   RO          379    .rodata.acFontHZKaiTi_12_cfde  kaiti_12.o
    0x0800fcc8   0x0800fcc8   0x00000018   Data   RO          380    .rodata.acFontHZKaiTi_12_cfdf  kaiti_12.o
    0x0800fce0   0x0800fce0   0x00000018   Data   RO          381    .rodata.acFontHZKaiTi_12_cff2  kaiti_12.o
    0x0800fcf8   0x0800fcf8   0x00000018   Data   RO          382    .rodata.acFontHZKaiTi_12_d0c5  kaiti_12.o
    0x0800fd10   0x0800fd10   0x00000018   Data   RO          383    .rodata.acFontHZKaiTi_12_d1a7  kaiti_12.o
    0x0800fd28   0x0800fd28   0x00000018   Data   RO          384    .rodata.acFontHZKaiTi_12_d1d4  kaiti_12.o
    0x0800fd40   0x0800fd40   0x00000018   Data   RO          385    .rodata.acFontHZKaiTi_12_d1f6  kaiti_12.o
    0x0800fd58   0x0800fd58   0x00000018   Data   RO          386    .rodata.acFontHZKaiTi_12_d4b6  kaiti_12.o
    0x0800fd70   0x0800fd70   0x00000018   Data   RO          387    .rodata.acFontHZKaiTi_12_d4f8  kaiti_12.o
    0x0800fd88   0x0800fd88   0x00000018   Data   RO          388    .rodata.acFontHZKaiTi_12_d5f0  kaiti_12.o
    0x0800fda0   0x0800fda0   0x00000018   Data   RO          389    .rodata.acFontHZKaiTi_12_d6c3  kaiti_12.o
    0x0800fdb8   0x0800fdb8   0x00000018   Data   RO          390    .rodata.acFontHZKaiTi_12_d6d0  kaiti_12.o
    0x0800fdd0   0x0800fdd0   0x00000018   Data   RO          391    .rodata.acFontHZKaiTi_12_d6dd  kaiti_12.o
    0x0800fde8   0x0800fde8   0x00000018   Data   RO          392    .rodata.acFontHZKaiTi_12_d7d3  kaiti_12.o
    0x0800fe00   0x0800fe00   0x00000018   Data   RO          393    .rodata.acFontHZKaiTi_12_d8b9  kaiti_12.o
    0x0800fe18   0x0800fe18   0x00000018   Data   RO          394    .rodata.acFontHZKaiTi_12_ecda  kaiti_12.o
    0x0800fe30   0x0800fe30   0x00000010   Data   RO          480    .rodata.acFontHZKaiTi_16_0020  kaiti_16.o
    0x0800fe40   0x0800fe40   0x00000010   Data   RO          481    .rodata.acFontHZKaiTi_16_0021  kaiti_16.o
    0x0800fe50   0x0800fe50   0x00000010   Data   RO          482    .rodata.acFontHZKaiTi_16_0022  kaiti_16.o
    0x0800fe60   0x0800fe60   0x00000010   Data   RO          483    .rodata.acFontHZKaiTi_16_0023  kaiti_16.o
    0x0800fe70   0x0800fe70   0x00000010   Data   RO          484    .rodata.acFontHZKaiTi_16_0024  kaiti_16.o
    0x0800fe80   0x0800fe80   0x00000010   Data   RO          485    .rodata.acFontHZKaiTi_16_0025  kaiti_16.o
    0x0800fe90   0x0800fe90   0x00000010   Data   RO          486    .rodata.acFontHZKaiTi_16_0026  kaiti_16.o
    0x0800fea0   0x0800fea0   0x00000010   Data   RO          487    .rodata.acFontHZKaiTi_16_0027  kaiti_16.o
    0x0800feb0   0x0800feb0   0x00000010   Data   RO          488    .rodata.acFontHZKaiTi_16_0028  kaiti_16.o
    0x0800fec0   0x0800fec0   0x00000010   Data   RO          489    .rodata.acFontHZKaiTi_16_0029  kaiti_16.o
    0x0800fed0   0x0800fed0   0x00000010   Data   RO          490    .rodata.acFontHZKaiTi_16_002a  kaiti_16.o
    0x0800fee0   0x0800fee0   0x00000010   Data   RO          491    .rodata.acFontHZKaiTi_16_002b  kaiti_16.o
    0x0800fef0   0x0800fef0   0x00000010   Data   RO          492    .rodata.acFontHZKaiTi_16_002c  kaiti_16.o
    0x0800ff00   0x0800ff00   0x00000010   Data   RO          493    .rodata.acFontHZKaiTi_16_002d  kaiti_16.o
    0x0800ff10   0x0800ff10   0x00000010   Data   RO          494    .rodata.acFontHZKaiTi_16_002e  kaiti_16.o
    0x0800ff20   0x0800ff20   0x00000010   Data   RO          495    .rodata.acFontHZKaiTi_16_002f  kaiti_16.o
    0x0800ff30   0x0800ff30   0x00000010   Data   RO          496    .rodata.acFontHZKaiTi_16_0030  kaiti_16.o
    0x0800ff40   0x0800ff40   0x00000010   Data   RO          497    .rodata.acFontHZKaiTi_16_0031  kaiti_16.o
    0x0800ff50   0x0800ff50   0x00000010   Data   RO          498    .rodata.acFontHZKaiTi_16_0032  kaiti_16.o
    0x0800ff60   0x0800ff60   0x00000010   Data   RO          499    .rodata.acFontHZKaiTi_16_0033  kaiti_16.o
    0x0800ff70   0x0800ff70   0x00000010   Data   RO          500    .rodata.acFontHZKaiTi_16_0034  kaiti_16.o
    0x0800ff80   0x0800ff80   0x00000010   Data   RO          501    .rodata.acFontHZKaiTi_16_0035  kaiti_16.o
    0x0800ff90   0x0800ff90   0x00000010   Data   RO          502    .rodata.acFontHZKaiTi_16_0036  kaiti_16.o
    0x0800ffa0   0x0800ffa0   0x00000010   Data   RO          503    .rodata.acFontHZKaiTi_16_0037  kaiti_16.o
    0x0800ffb0   0x0800ffb0   0x00000010   Data   RO          504    .rodata.acFontHZKaiTi_16_0038  kaiti_16.o
    0x0800ffc0   0x0800ffc0   0x00000010   Data   RO          505    .rodata.acFontHZKaiTi_16_0039  kaiti_16.o
    0x0800ffd0   0x0800ffd0   0x00000010   Data   RO          506    .rodata.acFontHZKaiTi_16_003a  kaiti_16.o
    0x0800ffe0   0x0800ffe0   0x00000010   Data   RO          507    .rodata.acFontHZKaiTi_16_003b  kaiti_16.o
    0x0800fff0   0x0800fff0   0x00000010   Data   RO          508    .rodata.acFontHZKaiTi_16_003c  kaiti_16.o
    0x08010000   0x08010000   0x00000010   Data   RO          509    .rodata.acFontHZKaiTi_16_003d  kaiti_16.o
    0x08010010   0x08010010   0x00000010   Data   RO          510    .rodata.acFontHZKaiTi_16_003e  kaiti_16.o
    0x08010020   0x08010020   0x00000010   Data   RO          511    .rodata.acFontHZKaiTi_16_003f  kaiti_16.o
    0x08010030   0x08010030   0x00000010   Data   RO          512    .rodata.acFontHZKaiTi_16_0040  kaiti_16.o
    0x08010040   0x08010040   0x00000010   Data   RO          513    .rodata.acFontHZKaiTi_16_0041  kaiti_16.o
    0x08010050   0x08010050   0x00000010   Data   RO          514    .rodata.acFontHZKaiTi_16_0042  kaiti_16.o
    0x08010060   0x08010060   0x00000010   Data   RO          515    .rodata.acFontHZKaiTi_16_0043  kaiti_16.o
    0x08010070   0x08010070   0x00000010   Data   RO          516    .rodata.acFontHZKaiTi_16_0044  kaiti_16.o
    0x08010080   0x08010080   0x00000010   Data   RO          517    .rodata.acFontHZKaiTi_16_0045  kaiti_16.o
    0x08010090   0x08010090   0x00000010   Data   RO          518    .rodata.acFontHZKaiTi_16_0046  kaiti_16.o
    0x080100a0   0x080100a0   0x00000010   Data   RO          519    .rodata.acFontHZKaiTi_16_0047  kaiti_16.o
    0x080100b0   0x080100b0   0x00000010   Data   RO          520    .rodata.acFontHZKaiTi_16_0048  kaiti_16.o
    0x080100c0   0x080100c0   0x00000010   Data   RO          521    .rodata.acFontHZKaiTi_16_0049  kaiti_16.o
    0x080100d0   0x080100d0   0x00000010   Data   RO          522    .rodata.acFontHZKaiTi_16_004a  kaiti_16.o
    0x080100e0   0x080100e0   0x00000010   Data   RO          523    .rodata.acFontHZKaiTi_16_004b  kaiti_16.o
    0x080100f0   0x080100f0   0x00000010   Data   RO          524    .rodata.acFontHZKaiTi_16_004c  kaiti_16.o
    0x08010100   0x08010100   0x00000010   Data   RO          525    .rodata.acFontHZKaiTi_16_004d  kaiti_16.o
    0x08010110   0x08010110   0x00000010   Data   RO          526    .rodata.acFontHZKaiTi_16_004e  kaiti_16.o
    0x08010120   0x08010120   0x00000010   Data   RO          527    .rodata.acFontHZKaiTi_16_004f  kaiti_16.o
    0x08010130   0x08010130   0x00000010   Data   RO          528    .rodata.acFontHZKaiTi_16_0050  kaiti_16.o
    0x08010140   0x08010140   0x00000010   Data   RO          529    .rodata.acFontHZKaiTi_16_0051  kaiti_16.o
    0x08010150   0x08010150   0x00000010   Data   RO          530    .rodata.acFontHZKaiTi_16_0052  kaiti_16.o
    0x08010160   0x08010160   0x00000010   Data   RO          531    .rodata.acFontHZKaiTi_16_0053  kaiti_16.o
    0x08010170   0x08010170   0x00000010   Data   RO          532    .rodata.acFontHZKaiTi_16_0054  kaiti_16.o
    0x08010180   0x08010180   0x00000010   Data   RO          533    .rodata.acFontHZKaiTi_16_0055  kaiti_16.o
    0x08010190   0x08010190   0x00000010   Data   RO          534    .rodata.acFontHZKaiTi_16_0056  kaiti_16.o
    0x080101a0   0x080101a0   0x00000010   Data   RO          535    .rodata.acFontHZKaiTi_16_0057  kaiti_16.o
    0x080101b0   0x080101b0   0x00000010   Data   RO          536    .rodata.acFontHZKaiTi_16_0058  kaiti_16.o
    0x080101c0   0x080101c0   0x00000010   Data   RO          537    .rodata.acFontHZKaiTi_16_0059  kaiti_16.o
    0x080101d0   0x080101d0   0x00000010   Data   RO          538    .rodata.acFontHZKaiTi_16_005a  kaiti_16.o
    0x080101e0   0x080101e0   0x00000010   Data   RO          539    .rodata.acFontHZKaiTi_16_005b  kaiti_16.o
    0x080101f0   0x080101f0   0x00000010   Data   RO          540    .rodata.acFontHZKaiTi_16_005c  kaiti_16.o
    0x08010200   0x08010200   0x00000010   Data   RO          541    .rodata.acFontHZKaiTi_16_005d  kaiti_16.o
    0x08010210   0x08010210   0x00000010   Data   RO          542    .rodata.acFontHZKaiTi_16_005e  kaiti_16.o
    0x08010220   0x08010220   0x00000010   Data   RO          543    .rodata.acFontHZKaiTi_16_005f  kaiti_16.o
    0x08010230   0x08010230   0x00000010   Data   RO          544    .rodata.acFontHZKaiTi_16_0060  kaiti_16.o
    0x08010240   0x08010240   0x00000010   Data   RO          545    .rodata.acFontHZKaiTi_16_0061  kaiti_16.o
    0x08010250   0x08010250   0x00000010   Data   RO          546    .rodata.acFontHZKaiTi_16_0062  kaiti_16.o
    0x08010260   0x08010260   0x00000010   Data   RO          547    .rodata.acFontHZKaiTi_16_0063  kaiti_16.o
    0x08010270   0x08010270   0x00000010   Data   RO          548    .rodata.acFontHZKaiTi_16_0064  kaiti_16.o
    0x08010280   0x08010280   0x00000010   Data   RO          549    .rodata.acFontHZKaiTi_16_0065  kaiti_16.o
    0x08010290   0x08010290   0x00000010   Data   RO          550    .rodata.acFontHZKaiTi_16_0066  kaiti_16.o
    0x080102a0   0x080102a0   0x00000010   Data   RO          551    .rodata.acFontHZKaiTi_16_0067  kaiti_16.o
    0x080102b0   0x080102b0   0x00000010   Data   RO          552    .rodata.acFontHZKaiTi_16_0068  kaiti_16.o
    0x080102c0   0x080102c0   0x00000010   Data   RO          553    .rodata.acFontHZKaiTi_16_0069  kaiti_16.o
    0x080102d0   0x080102d0   0x00000010   Data   RO          554    .rodata.acFontHZKaiTi_16_006a  kaiti_16.o
    0x080102e0   0x080102e0   0x00000010   Data   RO          555    .rodata.acFontHZKaiTi_16_006b  kaiti_16.o
    0x080102f0   0x080102f0   0x00000010   Data   RO          556    .rodata.acFontHZKaiTi_16_006c  kaiti_16.o
    0x08010300   0x08010300   0x00000010   Data   RO          557    .rodata.acFontHZKaiTi_16_006d  kaiti_16.o
    0x08010310   0x08010310   0x00000010   Data   RO          558    .rodata.acFontHZKaiTi_16_006e  kaiti_16.o
    0x08010320   0x08010320   0x00000010   Data   RO          559    .rodata.acFontHZKaiTi_16_006f  kaiti_16.o
    0x08010330   0x08010330   0x00000010   Data   RO          560    .rodata.acFontHZKaiTi_16_0070  kaiti_16.o
    0x08010340   0x08010340   0x00000010   Data   RO          561    .rodata.acFontHZKaiTi_16_0071  kaiti_16.o
    0x08010350   0x08010350   0x00000010   Data   RO          562    .rodata.acFontHZKaiTi_16_0072  kaiti_16.o
    0x08010360   0x08010360   0x00000010   Data   RO          563    .rodata.acFontHZKaiTi_16_0073  kaiti_16.o
    0x08010370   0x08010370   0x00000010   Data   RO          564    .rodata.acFontHZKaiTi_16_0074  kaiti_16.o
    0x08010380   0x08010380   0x00000010   Data   RO          565    .rodata.acFontHZKaiTi_16_0075  kaiti_16.o
    0x08010390   0x08010390   0x00000010   Data   RO          566    .rodata.acFontHZKaiTi_16_0076  kaiti_16.o
    0x080103a0   0x080103a0   0x00000010   Data   RO          567    .rodata.acFontHZKaiTi_16_0077  kaiti_16.o
    0x080103b0   0x080103b0   0x00000010   Data   RO          568    .rodata.acFontHZKaiTi_16_0078  kaiti_16.o
    0x080103c0   0x080103c0   0x00000010   Data   RO          569    .rodata.acFontHZKaiTi_16_0079  kaiti_16.o
    0x080103d0   0x080103d0   0x00000010   Data   RO          570    .rodata.acFontHZKaiTi_16_007a  kaiti_16.o
    0x080103e0   0x080103e0   0x00000010   Data   RO          571    .rodata.acFontHZKaiTi_16_007b  kaiti_16.o
    0x080103f0   0x080103f0   0x00000010   Data   RO          572    .rodata.acFontHZKaiTi_16_007c  kaiti_16.o
    0x08010400   0x08010400   0x00000010   Data   RO          573    .rodata.acFontHZKaiTi_16_007d  kaiti_16.o
    0x08010410   0x08010410   0x00000010   Data   RO          574    .rodata.acFontHZKaiTi_16_007e  kaiti_16.o
    0x08010420   0x08010420   0x00000010   Data   RO          575    .rodata.acFontHZKaiTi_16_007f  kaiti_16.o
    0x08010430   0x08010430   0x00000020   Data   RO          576    .rodata.acFontHZKaiTi_16_b2e2  kaiti_16.o
    0x08010450   0x08010450   0x00000020   Data   RO          577    .rodata.acFontHZKaiTi_16_b3c9  kaiti_16.o
    0x08010470   0x08010470   0x00000020   Data   RO          578    .rodata.acFontHZKaiTi_16_b3cc  kaiti_16.o
    0x08010490   0x08010490   0x00000020   Data   RO          579    .rodata.acFontHZKaiTi_16_b4f3  kaiti_16.o
    0x080104b0   0x080104b0   0x00000020   Data   RO          580    .rodata.acFontHZKaiTi_16_b5c1  kaiti_16.o
    0x080104d0   0x080104d0   0x00000020   Data   RO          581    .rodata.acFontHZKaiTi_16_b5e7  kaiti_16.o
    0x080104f0   0x080104f0   0x00000020   Data   RO          582    .rodata.acFontHZKaiTi_16_b6ad  kaiti_16.o
    0x08010510   0x08010510   0x00000020   Data   RO          583    .rodata.acFontHZKaiTi_16_b7c0  kaiti_16.o
    0x08010530   0x08010530   0x00000020   Data   RO          584    .rodata.acFontHZKaiTi_16_babc  kaiti_16.o
    0x08010550   0x08010550   0x00000020   Data   RO          585    .rodata.acFontHZKaiTi_16_bbf0  kaiti_16.o
    0x08010570   0x08010570   0x00000020   Data   RO          586    .rodata.acFontHZKaiTi_16_bcbc  kaiti_16.o
    0x08010590   0x08010590   0x00000020   Data   RO          587    .rodata.acFontHZKaiTi_16_bcc6  kaiti_16.o
    0x080105b0   0x080105b0   0x00000020   Data   RO          588    .rodata.acFontHZKaiTi_16_bce0  kaiti_16.o
    0x080105d0   0x080105d0   0x00000020   Data   RO          589    .rodata.acFontHZKaiTi_16_bfc6  kaiti_16.o
    0x080105f0   0x080105f0   0x00000020   Data   RO          590    .rodata.acFontHZKaiTi_16_c0d6  kaiti_16.o
    0x08010610   0x08010610   0x00000020   Data   RO          591    .rodata.acFontHZKaiTi_16_c6f7  kaiti_16.o
    0x08010630   0x08010630   0x00000020   Data   RO          592    .rodata.acFontHZKaiTi_16_c9e8  kaiti_16.o
    0x08010650   0x08010650   0x00000020   Data   RO          593    .rodata.acFontHZKaiTi_16_d1a7  kaiti_16.o
    0x08010670   0x08010670   0x00000020   Data   RO          594    .rodata.acFontHZKaiTi_16_d1d4  kaiti_16.o
    0x08010690   0x08010690   0x00000020   Data   RO          595    .rodata.acFontHZKaiTi_16_d4b1  kaiti_16.o
    0x080106b0   0x080106b0   0x00000020   Data   RO          596    .rodata.acFontHZKaiTi_16_d4b6  kaiti_16.o
    0x080106d0   0x080106d0   0x00000020   Data   RO          597    .rodata.acFontHZKaiTi_16_d4f8  kaiti_16.o
    0x080106f0   0x080106f0   0x00000020   Data   RO          598    .rodata.acFontHZKaiTi_16_d6dd  kaiti_16.o
    0x08010710   0x08010710   0x00000020   Data   RO          599    .rodata.acFontHZKaiTi_16_d7d3  kaiti_16.o
    0x08010730   0x08010730   0x00000020   Data   RO          600    .rodata.acFontHZKaiTi_16_d8b9  kaiti_16.o
    0x08010750   0x08010750   0x00000020   Data   RO          601    .rodata.acFontHZKaiTi_16_ecda  kaiti_16.o
    0x08010770   0x08010770   0x00000028   Data   RO          636    .rodata.acFontHZKaiTi_20_0020  kaiti_20.o
    0x08010798   0x08010798   0x00000028   Data   RO          637    .rodata.acFontHZKaiTi_20_0021  kaiti_20.o
    0x080107c0   0x080107c0   0x00000028   Data   RO          638    .rodata.acFontHZKaiTi_20_0022  kaiti_20.o
    0x080107e8   0x080107e8   0x00000028   Data   RO          639    .rodata.acFontHZKaiTi_20_0023  kaiti_20.o
    0x08010810   0x08010810   0x00000028   Data   RO          640    .rodata.acFontHZKaiTi_20_0024  kaiti_20.o
    0x08010838   0x08010838   0x00000028   Data   RO          641    .rodata.acFontHZKaiTi_20_0025  kaiti_20.o
    0x08010860   0x08010860   0x00000028   Data   RO          642    .rodata.acFontHZKaiTi_20_0026  kaiti_20.o
    0x08010888   0x08010888   0x00000028   Data   RO          643    .rodata.acFontHZKaiTi_20_0027  kaiti_20.o
    0x080108b0   0x080108b0   0x00000028   Data   RO          644    .rodata.acFontHZKaiTi_20_0028  kaiti_20.o
    0x080108d8   0x080108d8   0x00000028   Data   RO          645    .rodata.acFontHZKaiTi_20_0029  kaiti_20.o
    0x08010900   0x08010900   0x00000028   Data   RO          646    .rodata.acFontHZKaiTi_20_002a  kaiti_20.o
    0x08010928   0x08010928   0x00000028   Data   RO          647    .rodata.acFontHZKaiTi_20_002b  kaiti_20.o
    0x08010950   0x08010950   0x00000028   Data   RO          648    .rodata.acFontHZKaiTi_20_002c  kaiti_20.o
    0x08010978   0x08010978   0x00000028   Data   RO          649    .rodata.acFontHZKaiTi_20_002d  kaiti_20.o
    0x080109a0   0x080109a0   0x00000028   Data   RO          650    .rodata.acFontHZKaiTi_20_002e  kaiti_20.o
    0x080109c8   0x080109c8   0x00000028   Data   RO          651    .rodata.acFontHZKaiTi_20_002f  kaiti_20.o
    0x080109f0   0x080109f0   0x00000028   Data   RO          652    .rodata.acFontHZKaiTi_20_0030  kaiti_20.o
    0x08010a18   0x08010a18   0x00000028   Data   RO          653    .rodata.acFontHZKaiTi_20_0031  kaiti_20.o
    0x08010a40   0x08010a40   0x00000028   Data   RO          654    .rodata.acFontHZKaiTi_20_0032  kaiti_20.o
    0x08010a68   0x08010a68   0x00000028   Data   RO          655    .rodata.acFontHZKaiTi_20_0033  kaiti_20.o
    0x08010a90   0x08010a90   0x00000028   Data   RO          656    .rodata.acFontHZKaiTi_20_0034  kaiti_20.o
    0x08010ab8   0x08010ab8   0x00000028   Data   RO          657    .rodata.acFontHZKaiTi_20_0035  kaiti_20.o
    0x08010ae0   0x08010ae0   0x00000028   Data   RO          658    .rodata.acFontHZKaiTi_20_0036  kaiti_20.o
    0x08010b08   0x08010b08   0x00000028   Data   RO          659    .rodata.acFontHZKaiTi_20_0037  kaiti_20.o
    0x08010b30   0x08010b30   0x00000028   Data   RO          660    .rodata.acFontHZKaiTi_20_0038  kaiti_20.o
    0x08010b58   0x08010b58   0x00000028   Data   RO          661    .rodata.acFontHZKaiTi_20_0039  kaiti_20.o
    0x08010b80   0x08010b80   0x00000028   Data   RO          662    .rodata.acFontHZKaiTi_20_003a  kaiti_20.o
    0x08010ba8   0x08010ba8   0x00000028   Data   RO          663    .rodata.acFontHZKaiTi_20_003b  kaiti_20.o
    0x08010bd0   0x08010bd0   0x00000028   Data   RO          664    .rodata.acFontHZKaiTi_20_003c  kaiti_20.o
    0x08010bf8   0x08010bf8   0x00000028   Data   RO          665    .rodata.acFontHZKaiTi_20_003d  kaiti_20.o
    0x08010c20   0x08010c20   0x00000028   Data   RO          666    .rodata.acFontHZKaiTi_20_003e  kaiti_20.o
    0x08010c48   0x08010c48   0x00000028   Data   RO          667    .rodata.acFontHZKaiTi_20_003f  kaiti_20.o
    0x08010c70   0x08010c70   0x00000028   Data   RO          668    .rodata.acFontHZKaiTi_20_0040  kaiti_20.o
    0x08010c98   0x08010c98   0x00000028   Data   RO          669    .rodata.acFontHZKaiTi_20_0041  kaiti_20.o
    0x08010cc0   0x08010cc0   0x00000028   Data   RO          670    .rodata.acFontHZKaiTi_20_0042  kaiti_20.o
    0x08010ce8   0x08010ce8   0x00000028   Data   RO          671    .rodata.acFontHZKaiTi_20_0043  kaiti_20.o
    0x08010d10   0x08010d10   0x00000028   Data   RO          672    .rodata.acFontHZKaiTi_20_0044  kaiti_20.o
    0x08010d38   0x08010d38   0x00000028   Data   RO          673    .rodata.acFontHZKaiTi_20_0045  kaiti_20.o
    0x08010d60   0x08010d60   0x00000028   Data   RO          674    .rodata.acFontHZKaiTi_20_0046  kaiti_20.o
    0x08010d88   0x08010d88   0x00000028   Data   RO          675    .rodata.acFontHZKaiTi_20_0047  kaiti_20.o
    0x08010db0   0x08010db0   0x00000028   Data   RO          676    .rodata.acFontHZKaiTi_20_0048  kaiti_20.o
    0x08010dd8   0x08010dd8   0x00000028   Data   RO          677    .rodata.acFontHZKaiTi_20_0049  kaiti_20.o
    0x08010e00   0x08010e00   0x00000028   Data   RO          678    .rodata.acFontHZKaiTi_20_004a  kaiti_20.o
    0x08010e28   0x08010e28   0x00000028   Data   RO          679    .rodata.acFontHZKaiTi_20_004b  kaiti_20.o
    0x08010e50   0x08010e50   0x00000028   Data   RO          680    .rodata.acFontHZKaiTi_20_004c  kaiti_20.o
    0x08010e78   0x08010e78   0x00000028   Data   RO          681    .rodata.acFontHZKaiTi_20_004d  kaiti_20.o
    0x08010ea0   0x08010ea0   0x00000028   Data   RO          682    .rodata.acFontHZKaiTi_20_004e  kaiti_20.o
    0x08010ec8   0x08010ec8   0x00000028   Data   RO          683    .rodata.acFontHZKaiTi_20_004f  kaiti_20.o
    0x08010ef0   0x08010ef0   0x00000028   Data   RO          684    .rodata.acFontHZKaiTi_20_0050  kaiti_20.o
    0x08010f18   0x08010f18   0x00000028   Data   RO          685    .rodata.acFontHZKaiTi_20_0051  kaiti_20.o
    0x08010f40   0x08010f40   0x00000028   Data   RO          686    .rodata.acFontHZKaiTi_20_0052  kaiti_20.o
    0x08010f68   0x08010f68   0x00000028   Data   RO          687    .rodata.acFontHZKaiTi_20_0053  kaiti_20.o
    0x08010f90   0x08010f90   0x00000028   Data   RO          688    .rodata.acFontHZKaiTi_20_0054  kaiti_20.o
    0x08010fb8   0x08010fb8   0x00000028   Data   RO          689    .rodata.acFontHZKaiTi_20_0055  kaiti_20.o
    0x08010fe0   0x08010fe0   0x00000028   Data   RO          690    .rodata.acFontHZKaiTi_20_0056  kaiti_20.o
    0x08011008   0x08011008   0x00000028   Data   RO          691    .rodata.acFontHZKaiTi_20_0057  kaiti_20.o
    0x08011030   0x08011030   0x00000028   Data   RO          692    .rodata.acFontHZKaiTi_20_0058  kaiti_20.o
    0x08011058   0x08011058   0x00000028   Data   RO          693    .rodata.acFontHZKaiTi_20_0059  kaiti_20.o
    0x08011080   0x08011080   0x00000028   Data   RO          694    .rodata.acFontHZKaiTi_20_005a  kaiti_20.o
    0x080110a8   0x080110a8   0x00000028   Data   RO          695    .rodata.acFontHZKaiTi_20_005b  kaiti_20.o
    0x080110d0   0x080110d0   0x00000028   Data   RO          696    .rodata.acFontHZKaiTi_20_005c  kaiti_20.o
    0x080110f8   0x080110f8   0x00000028   Data   RO          697    .rodata.acFontHZKaiTi_20_005d  kaiti_20.o
    0x08011120   0x08011120   0x00000028   Data   RO          698    .rodata.acFontHZKaiTi_20_005e  kaiti_20.o
    0x08011148   0x08011148   0x00000028   Data   RO          699    .rodata.acFontHZKaiTi_20_005f  kaiti_20.o
    0x08011170   0x08011170   0x00000028   Data   RO          700    .rodata.acFontHZKaiTi_20_0060  kaiti_20.o
    0x08011198   0x08011198   0x00000028   Data   RO          701    .rodata.acFontHZKaiTi_20_0061  kaiti_20.o
    0x080111c0   0x080111c0   0x00000028   Data   RO          702    .rodata.acFontHZKaiTi_20_0062  kaiti_20.o
    0x080111e8   0x080111e8   0x00000028   Data   RO          703    .rodata.acFontHZKaiTi_20_0063  kaiti_20.o
    0x08011210   0x08011210   0x00000028   Data   RO          704    .rodata.acFontHZKaiTi_20_0064  kaiti_20.o
    0x08011238   0x08011238   0x00000028   Data   RO          705    .rodata.acFontHZKaiTi_20_0065  kaiti_20.o
    0x08011260   0x08011260   0x00000028   Data   RO          706    .rodata.acFontHZKaiTi_20_0066  kaiti_20.o
    0x08011288   0x08011288   0x00000028   Data   RO          707    .rodata.acFontHZKaiTi_20_0067  kaiti_20.o
    0x080112b0   0x080112b0   0x00000028   Data   RO          708    .rodata.acFontHZKaiTi_20_0068  kaiti_20.o
    0x080112d8   0x080112d8   0x00000028   Data   RO          709    .rodata.acFontHZKaiTi_20_0069  kaiti_20.o
    0x08011300   0x08011300   0x00000028   Data   RO          710    .rodata.acFontHZKaiTi_20_006a  kaiti_20.o
    0x08011328   0x08011328   0x00000028   Data   RO          711    .rodata.acFontHZKaiTi_20_006b  kaiti_20.o
    0x08011350   0x08011350   0x00000028   Data   RO          712    .rodata.acFontHZKaiTi_20_006c  kaiti_20.o
    0x08011378   0x08011378   0x00000028   Data   RO          713    .rodata.acFontHZKaiTi_20_006d  kaiti_20.o
    0x080113a0   0x080113a0   0x00000028   Data   RO          714    .rodata.acFontHZKaiTi_20_006e  kaiti_20.o
    0x080113c8   0x080113c8   0x00000028   Data   RO          715    .rodata.acFontHZKaiTi_20_006f  kaiti_20.o
    0x080113f0   0x080113f0   0x00000028   Data   RO          716    .rodata.acFontHZKaiTi_20_0070  kaiti_20.o
    0x08011418   0x08011418   0x00000028   Data   RO          717    .rodata.acFontHZKaiTi_20_0071  kaiti_20.o
    0x08011440   0x08011440   0x00000028   Data   RO          718    .rodata.acFontHZKaiTi_20_0072  kaiti_20.o
    0x08011468   0x08011468   0x00000028   Data   RO          719    .rodata.acFontHZKaiTi_20_0073  kaiti_20.o
    0x08011490   0x08011490   0x00000028   Data   RO          720    .rodata.acFontHZKaiTi_20_0074  kaiti_20.o
    0x080114b8   0x080114b8   0x00000028   Data   RO          721    .rodata.acFontHZKaiTi_20_0075  kaiti_20.o
    0x080114e0   0x080114e0   0x00000028   Data   RO          722    .rodata.acFontHZKaiTi_20_0076  kaiti_20.o
    0x08011508   0x08011508   0x00000028   Data   RO          723    .rodata.acFontHZKaiTi_20_0077  kaiti_20.o
    0x08011530   0x08011530   0x00000028   Data   RO          724    .rodata.acFontHZKaiTi_20_0078  kaiti_20.o
    0x08011558   0x08011558   0x00000028   Data   RO          725    .rodata.acFontHZKaiTi_20_0079  kaiti_20.o
    0x08011580   0x08011580   0x00000028   Data   RO          726    .rodata.acFontHZKaiTi_20_007a  kaiti_20.o
    0x080115a8   0x080115a8   0x00000028   Data   RO          727    .rodata.acFontHZKaiTi_20_007b  kaiti_20.o
    0x080115d0   0x080115d0   0x00000028   Data   RO          728    .rodata.acFontHZKaiTi_20_007c  kaiti_20.o
    0x080115f8   0x080115f8   0x00000028   Data   RO          729    .rodata.acFontHZKaiTi_20_007d  kaiti_20.o
    0x08011620   0x08011620   0x00000028   Data   RO          730    .rodata.acFontHZKaiTi_20_007e  kaiti_20.o
    0x08011648   0x08011648   0x00000014   Data   RO          731    .rodata.acFontHZKaiTi_20_007f  kaiti_20.o
    0x0801165c   0x0801165c   0x0000003c   Data   RO          732    .rodata.acFontHZKaiTi_20_b2e2  kaiti_20.o
    0x08011698   0x08011698   0x0000003c   Data   RO          733    .rodata.acFontHZKaiTi_20_b3cc  kaiti_20.o
    0x080116d4   0x080116d4   0x0000003c   Data   RO          734    .rodata.acFontHZKaiTi_20_b4f3  kaiti_20.o
    0x08011710   0x08011710   0x0000003c   Data   RO          735    .rodata.acFontHZKaiTi_20_b5c1  kaiti_20.o
    0x0801174c   0x0801174c   0x0000003c   Data   RO          736    .rodata.acFontHZKaiTi_20_b5e7  kaiti_20.o
    0x08011788   0x08011788   0x0000003c   Data   RO          737    .rodata.acFontHZKaiTi_20_b7c0  kaiti_20.o
    0x080117c4   0x080117c4   0x0000003c   Data   RO          738    .rodata.acFontHZKaiTi_20_babc  kaiti_20.o
    0x08011800   0x08011800   0x0000003c   Data   RO          739    .rodata.acFontHZKaiTi_20_bbf0  kaiti_20.o
    0x0801183c   0x0801183c   0x0000003c   Data   RO          740    .rodata.acFontHZKaiTi_20_bcbc  kaiti_20.o
    0x08011878   0x08011878   0x0000003c   Data   RO          741    .rodata.acFontHZKaiTi_20_bcc6  kaiti_20.o
    0x080118b4   0x080118b4   0x0000003c   Data   RO          742    .rodata.acFontHZKaiTi_20_bce0  kaiti_20.o
    0x080118f0   0x080118f0   0x0000003c   Data   RO          743    .rodata.acFontHZKaiTi_20_bfc6  kaiti_20.o
    0x0801192c   0x0801192c   0x0000003c   Data   RO          744    .rodata.acFontHZKaiTi_20_c6f7  kaiti_20.o
    0x08011968   0x08011968   0x0000003c   Data   RO          745    .rodata.acFontHZKaiTi_20_c9e8  kaiti_20.o
    0x080119a4   0x080119a4   0x0000003c   Data   RO          746    .rodata.acFontHZKaiTi_20_d1a7  kaiti_20.o
    0x080119e0   0x080119e0   0x0000003c   Data   RO          747    .rodata.acFontHZKaiTi_20_d4b6  kaiti_20.o
    0x08011a1c   0x08011a1c   0x0000003c   Data   RO          748    .rodata.acFontHZKaiTi_20_d4f8  kaiti_20.o
    0x08011a58   0x08011a58   0x0000003c   Data   RO          749    .rodata.acFontHZKaiTi_20_d6dd  kaiti_20.o
    0x08011a94   0x08011a94   0x0000003c   Data   RO          750    .rodata.acFontHZKaiTi_20_d7d3  kaiti_20.o
    0x08011ad0   0x08011ad0   0x0000003c   Data   RO          751    .rodata.acFontHZKaiTi_20_d8b9  kaiti_20.o
    0x08011b0c   0x08011b0c   0x00000010   Data   RO          782    .rodata.bmdy        dy.o
    0x08011b1c   0x08011b1c   0x00000010   Data   RO          790    .rodata.bmly        ly.o
    0x08011b2c   0x08011b2c   0x00000bf6   Data   RO         2985    .rodata.dmp_memory  inv_mpu_dmp_motion_driver.o
    0x08012722   0x08012722   0x0000000c   Data   RO         2916    .rodata.hw          inv_mpu.o
    0x0801272e   0x0801272e   0x0000001b   Data   RO         2917    .rodata.reg         inv_mpu.o
    0x08012749   0x08012749   0x000000e6   Data   RO           93    .rodata.str1.1      freertos.o
    0x0801282f   0x0801282f   0x0000004c   Data   RO         2920    .rodata.str1.1      inv_mpu.o
    0x0801287b   0x0801287b   0x0000022a   Data   RO         3035    .rodata.str1.1      mpu6050.o
    0x08012aa5   0x08012aa5   0x0000011f   Data   RO         3097    .rodata.str1.1      esp01.o
    0x08012bc4   0x08012bc4   0x00000028   Data   RO         2918    .rodata.test        inv_mpu.o
    0x08012bec   0x08012bec   0x00000020   Data   RO         3674    Region$$Table       anon$$obj.o


    Execution Region RW_IRAM1 (Exec base: 0x20000000, Load base: 0x08012c10, Size: 0x0000a4a8, Max: 0x0001c000, ABSOLUTE)

    Exec Addr    Load Addr    Size         Type   Attr      Idx    E Section Name        Object

    0x20000000   0x08012c10   0x00000004   Data   RW         3616    .data               mc_w.l(errno.o)
    0x20000004   0x08012c14   0x00000004   Data   RW         1833    .data.SystemCoreClock  system_stm32f4xx.o
    0x20000008   0x08012c18   0x00000002   Data   RW         3145    .data.W25QXX_TYPE   w25qxx.o
    0x2000000a   0x08012c1a   0x00000002   PAD
    0x2000000c   0x08012c1c   0x00000014   Data   RW           77    .data.g_set         freertos.o
    0x20000020   0x08012c30   0x00000009   Data   RW         3028    .data.gyro_orientation  mpu6050.o
    0x20000029   0x08012c39   0x00000003   PAD
    0x2000002c   0x08012c3c   0x00000004   Data   RW         3021    .data.q0            mpu6050.o
    0x20000030   0x08012c40   0x0000002c   Data   RW         2919    .data.st            inv_mpu.o
    0x2000005c   0x08012c6c   0x00000001   Data   RW         1205    .data.uwTickFreq    stm32f4xx_hal.o
    0x2000005d   0x08012c6d   0x00000003   PAD
    0x20000060   0x08012c70   0x00000004   Data   RW         1204    .data.uwTickPrio    stm32f4xx_hal.o
    0x20000064   0x08012c74   0x00000004   Data   RW         2512    .data.uxCriticalNesting  port.o
    0x20000068        -       0x00000004   Zero   RW          103    .bss.DataTaskHandle  freertos.o
    0x2000006c        -       0x00000004   Zero   RW         3096    .bss.EspQueueHandle  esp01.o
    0x20000070        -       0x00000004   Zero   RW          102    .bss.GUITaskHandle  freertos.o
    0x20000074   0x08012c78   0x00000004   PAD
    0x20000078        -       0x00000020   Zero   RW         2717    .bss.GUI_Context    guislim.o
    0x20000098        -       0x00000001   Zero   RW         2716    .bss.GUI_DecChar    guislim.o
    0x20000099   0x08012c78   0x00000003   PAD
    0x2000009c        -       0x00000004   Zero   RW         2438    .bss.KernelState    cmsis_os2.o
    0x200000a0        -       0x00000004   Zero   RW          100    .bss.KeyTaskHandle  freertos.o
    0x200000a4        -       0x00000004   Zero   RW           99    .bss.MainTaskHandle  freertos.o
    0x200000a8        -       0x00000001   Zero   RW         2761    .bss.SSD1306.2      ssd1306.o
    0x200000a9   0x08012c78   0x00000003   PAD
    0x200000ac        -       0x00000400   Zero   RW         2760    .bss.SSD1306_Buffer  ssd1306.o
    0x200004ac        -       0x00000001   Zero   RW           38    .bss.ScanKey.keycnt  gpio.o
    0x200004ad        -       0x00000001   Zero   RW           37    .bss.ScanKey.oldkey  gpio.o
    0x200004ae   0x08012c78   0x00000002   PAD
    0x200004b0        -       0x00000004   Zero   RW          101    .bss.UartTaskHandle  freertos.o
    0x200004b4        -       0x00001000   Zero   RW         3146    .bss.W25QXX_BUFFER  w25qxx.o
    0x200014b4        -       0x00000001   Zero   RW          109    .bss.WSLogo.leds_sta  freertos.o
    0x200014b5   0x08012c78   0x00000003   PAD
    0x200014b8        -       0x00000004   Zero   RW          108    .bss.WSLogo.tick    freertos.o
    0x200014bc        -       0x00000054   Zero   RW          162    .bss.__stdout       usart.o
    0x20001510        -       0x00000002   Zero   RW         3032    .bss.ax             mpu6050.o
    0x20001512        -       0x00000002   Zero   RW         3033    .bss.ay             mpu6050.o
    0x20001514        -       0x00000002   Zero   RW         3034    .bss.az             mpu6050.o
    0x20001516   0x08012c78   0x00000002   PAD
    0x20001518        -       0x00000004   Zero   RW           82    .bss.beeptick       freertos.o
    0x2000151c        -       0x00000004   Zero   RW           89    .bss.cPitch         freertos.o
    0x20001520        -       0x00000004   Zero   RW           90    .bss.cRoll          freertos.o
    0x20001524        -       0x00000004   Zero   RW           88    .bss.cTemp          freertos.o
    0x20001528        -       0x00000004   Zero   RW           91    .bss.cYaw           freertos.o
    0x2000152c        -       0x00000004   Zero   RW         2995    .bss.dmp.0          inv_mpu_dmp_motion_driver.o
    0x20001530        -       0x00000004   Zero   RW         2996    .bss.dmp.1          inv_mpu_dmp_motion_driver.o
    0x20001534        -       0x00000002   Zero   RW         2997    .bss.dmp.2          inv_mpu_dmp_motion_driver.o
    0x20001536   0x08012c78   0x00000002   PAD
    0x20001538        -       0x00000002   Zero   RW         2998    .bss.dmp.3          inv_mpu_dmp_motion_driver.o
    0x2000153a   0x08012c78   0x00000002   PAD
    0x2000153c        -       0x00000002   Zero   RW         2999    .bss.dmp.4          inv_mpu_dmp_motion_driver.o
    0x2000153e        -       0x00000001   Zero   RW         3000    .bss.dmp.5          inv_mpu_dmp_motion_driver.o
    0x2000153f   0x08012c78   0x00000001   PAD
    0x20001540        -       0x00000004   Zero   RW         3025    .bss.fAX            mpu6050.o
    0x20001544        -       0x00000004   Zero   RW         3026    .bss.fAY            mpu6050.o
    0x20001548        -       0x00000004   Zero   RW         3027    .bss.fAZ            mpu6050.o
    0x2000154c        -       0x00000001   Zero   RW           87    .bss.g_bupting      freertos.o
    0x2000154d   0x08012c78   0x00000001   PAD
    0x2000154e        -       0x0000022a   Zero   RW         3100    .bss.g_esp01        esp01.o
    0x20001778        -       0x00000001   Zero   RW           36    .bss.g_keysta       gpio.o
    0x20001779   0x08012c78   0x00000003   PAD
    0x2000177c        -       0x00000004   Zero   RW           78    .bss.g_setidx       freertos.o
    0x20001780        -       0x00000004   Zero   RW           79    .bss.g_ws           freertos.o
    0x20001784        -       0x00000002   Zero   RW         3029    .bss.gx             mpu6050.o
    0x20001786        -       0x00000002   Zero   RW         3030    .bss.gy             mpu6050.o
    0x20001788        -       0x00000002   Zero   RW         3031    .bss.gz             mpu6050.o
    0x2000178a   0x08012c78   0x00000002   PAD
    0x2000178c        -       0x00000058   Zero   RW          124    .bss.hspi1          spi.o
    0x200017e4        -       0x00000048   Zero   RW          141    .bss.htim3          tim.o
    0x2000182c        -       0x00000048   Zero   RW          209    .bss.htim7          stm32f4xx_hal_timebase_tim.o
    0x20001874        -       0x00000048   Zero   RW          160    .bss.huart1         usart.o
    0x200018bc        -       0x00000048   Zero   RW          161    .bss.huart6         usart.o
    0x20001904        -       0x00000004   Zero   RW           80    .bss.intick         freertos.o
    0x20001908        -       0x00000001   Zero   RW           84    .bss.mpuwarn        freertos.o
    0x20001909   0x08012c78   0x00000003   PAD
    0x2000190c        -       0x00000004   Zero   RW         3099    .bss.pESPHandle     esp01.o
    0x20001910        -       0x00000001   Zero   RW           85    .bss.pageidx        freertos.o
    0x20001911        -       0x000000a0   Zero   RW         2263    .bss.prvCheckForValidListAndQueue.ucStaticTimerQueueStorage  timers.o
    0x200019b1   0x08012c78   0x00000003   PAD
    0x200019b4        -       0x00000050   Zero   RW         2262    .bss.prvCheckForValidListAndQueue.xStaticTimerQueue  timers.o
    0x20001a04        -       0x00000004   Zero   RW         2259    .bss.prvSampleTimeNow.xLastTime  timers.o
    0x20001a08        -       0x00000004   Zero   RW         2172    .bss.pxCurrentTCB   tasks.o
    0x20001a0c        -       0x00000004   Zero   RW         2257    .bss.pxCurrentTimerList  timers.o
    0x20001a10        -       0x00000004   Zero   RW         2180    .bss.pxDelayedTaskList  tasks.o
    0x20001a14        -       0x00000004   Zero   RW         2468    .bss.pxEnd          heap_4.o
    0x20001a18        -       0x00000004   Zero   RW         2181    .bss.pxOverflowDelayedTaskList  tasks.o
    0x20001a1c        -       0x00000004   Zero   RW         2258    .bss.pxOverflowTimerList  timers.o
    0x20001a20        -       0x00000460   Zero   RW         2183    .bss.pxReadyTasksLists  tasks.o
    0x20001e80        -       0x00000004   Zero   RW         3022    .bss.q1             mpu6050.o
    0x20001e84        -       0x00000004   Zero   RW         3023    .bss.q2             mpu6050.o
    0x20001e88        -       0x00000004   Zero   RW         3024    .bss.q3             mpu6050.o
    0x20001e8c        -       0x00000004   Zero   RW           81    .bss.temp           freertos.o
    0x20001e90        -       0x00000001   Zero   RW           83    .bss.tempwarn       freertos.o
    0x20001e91        -       0x00007530   Zero   RW         2475    .bss.ucHeap         heap_4.o
    0x200093c1        -       0x00000001   Zero   RW         2510    .bss.ucMaxSysCallPriority  port.o
    0x200093c2   0x08012c78   0x00000002   PAD
    0x200093c4        -       0x00000004   Zero   RW         2511    .bss.ulMaxPRIGROUPValue  port.o
    0x200093c8        -       0x00000004   Zero   RW         1206    .bss.uwTick         stm32f4xx_hal.o
    0x200093cc        -       0x00000004   Zero   RW         2176    .bss.uxCurrentNumberOfTasks  tasks.o
    0x200093d0        -       0x00000004   Zero   RW         2175    .bss.uxDeletedTasksWaitingCleanUp  tasks.o
    0x200093d4        -       0x00000004   Zero   RW         2178    .bss.uxSchedulerSuspended  tasks.o
    0x200093d8        -       0x00000004   Zero   RW         2173    .bss.uxTaskNumber   tasks.o
    0x200093dc        -       0x00000004   Zero   RW         2184    .bss.uxTopReadyPriority  tasks.o
    0x200093e0        -       0x00000200   Zero   RW         2441    .bss.vApplicationGetIdleTaskMemory.Idle_Stack  cmsis_os2.o
    0x200095e0        -       0x0000005c   Zero   RW         2440    .bss.vApplicationGetIdleTaskMemory.Idle_TCB  cmsis_os2.o
    0x2000963c        -       0x00000400   Zero   RW         2443    .bss.vApplicationGetTimerTaskMemory.Timer_Stack  cmsis_os2.o
    0x20009a3c        -       0x0000005c   Zero   RW         2442    .bss.vApplicationGetTimerTaskMemory.Timer_TCB  cmsis_os2.o
    0x20009a98        -       0x00000140   Zero   RW          105    .bss.vPitch         freertos.o
    0x20009bd8        -       0x00000140   Zero   RW          106    .bss.vRoll          freertos.o
    0x20009d18        -       0x00000140   Zero   RW          104    .bss.vTemp          freertos.o
    0x20009e58        -       0x00000140   Zero   RW          107    .bss.vYaw           freertos.o
    0x20009f98        -       0x00000004   Zero   RW           86    .bss.warntick       freertos.o
    0x20009f9c        -       0x00000014   Zero   RW         2260    .bss.xActiveTimerList1  timers.o
    0x20009fb0        -       0x00000014   Zero   RW         2261    .bss.xActiveTimerList2  timers.o
    0x20009fc4        -       0x00000001   Zero   RW         2469    .bss.xBlockAllocatedBit  heap_4.o
    0x20009fc5   0x08012c78   0x00000003   PAD
    0x20009fc8        -       0x00000014   Zero   RW         2191    .bss.xDelayedTaskList1  tasks.o
    0x20009fdc        -       0x00000014   Zero   RW         2192    .bss.xDelayedTaskList2  tasks.o
    0x20009ff0        -       0x00000004   Zero   RW         2470    .bss.xFreeBytesRemaining  heap_4.o
    0x20009ff4        -       0x00000004   Zero   RW         2186    .bss.xIdleTaskHandle  tasks.o
    0x20009ff8        -       0x00000004   Zero   RW         2472    .bss.xMinimumEverFreeBytesRemaining  heap_4.o
    0x20009ffc        -       0x00000004   Zero   RW         2187    .bss.xNextTaskUnblockTime  tasks.o
    0x2000a000        -       0x00000004   Zero   RW         2190    .bss.xNumOfOverflows  tasks.o
    0x2000a004        -       0x00000004   Zero   RW         2473    .bss.xNumberOfSuccessfulAllocations  heap_4.o
    0x2000a008        -       0x00000004   Zero   RW         2474    .bss.xNumberOfSuccessfulFrees  heap_4.o
    0x2000a00c        -       0x00000004   Zero   RW         2189    .bss.xPendedTicks   tasks.o
    0x2000a010        -       0x00000014   Zero   RW         2185    .bss.xPendingReadyList  tasks.o
    0x2000a024        -       0x00000040   Zero   RW         1981    .bss.xQueueRegistry  queue.o
    0x2000a064        -       0x00000004   Zero   RW         2177    .bss.xSchedulerRunning  tasks.o
    0x2000a068        -       0x00000008   Zero   RW         2471    .bss.xStart         heap_4.o
    0x2000a070        -       0x00000014   Zero   RW         2182    .bss.xSuspendedTaskList  tasks.o
    0x2000a084        -       0x00000014   Zero   RW         2174    .bss.xTasksWaitingTermination  tasks.o
    0x2000a098        -       0x00000004   Zero   RW         2179    .bss.xTickCount     tasks.o
    0x2000a09c        -       0x00000004   Zero   RW         2255    .bss.xTimerQueue    timers.o
    0x2000a0a0        -       0x00000004   Zero   RW         2256    .bss.xTimerTaskHandle  timers.o
    0x2000a0a4        -       0x00000004   Zero   RW         2188    .bss.xYieldPending  tasks.o
    0x2000a0a8        -       0x00000400   Zero   RW            1    STACK               startup_stm32f407xx.o


    Execution Region RW_IRAM2 (Exec base: 0x2001c000, Load base: 0x08012c78, Size: 0x00000000, Max: 0x00004000, ABSOLUTE)

    **** No section assigned to this execution region ****


==============================================================================

Image component sizes


      Code (inc. data)   RO Data    RW Data    ZI Data      Debug   Object Name

       400          0         96          0          0       7385   3d_rotateapplication.o
       862          0          0          0       1724      42899   cmsis_os2.o
       698          8          0          0          0       4830   ds_18b20.o
         0          0        412          0          0        879   dy.o
      1312        308        311          0        562       6149   esp01.o
         0          0       1564          0          0       1815   f08_ascii.o
      6744        726        410         20       1349      12327   freertos.o
       898         16          0          0          3       3450   gpio.o
      2022          8          0          0         33      29601   guislim.o
       674          0          0          0      30029       4736   heap_4.o
      5132        186        155         44          0      22623   inv_mpu.o
      2538         68       3068          0         15       9741   inv_mpu_dmp_motion_driver.o
         0          0       5480          0          0      12399   kaiti_12.o
         0          0       3700          0          0       7857   kaiti_16.o
         0          0       6232          0          0       7355   kaiti_20.o
       150          0          0          0          0       2201   list.o
         0          0        412          0          0        879   ly.o
       232          0          0          0          0       5937   main.o
      1304        200        554         13         36       3050   mpu6050.o
       872         16          0          4          5       3911   port.o
      1994          0          0          0         64      22679   queue.o
       186          0          0          0         88       4909   spi.o
       914          0          0          0       1025       8544   ssd1306.o
       278          0          0          0          0       1830   ssd1306_i2c.o
        36          8        392          0       1024        812   startup_stm32f407xx.o
       888          0          0          0          0       4551   stm32_i2c.o
       132          0          0          5          4       7262   stm32f4xx_hal.o
       204          0          0          0          0      10805   stm32f4xx_hal_cortex.o
       164          0          0          0          0       9253   stm32f4xx_hal_dma.o
       430          0          0          0          0       5174   stm32f4xx_hal_gpio.o
        70          0          0          0          0       3339   stm32f4xx_hal_msp.o
      1440          0          0          0          0       7325   stm32f4xx_hal_rcc.o
      1032          0          0          0          0      21806   stm32f4xx_hal_spi.o
      2460          4          0          0          0      44924   stm32f4xx_hal_tim.o
       188          0          0          0          0      19166   stm32f4xx_hal_tim_ex.o
       174          0          0          0         72       7215   stm32f4xx_hal_timebase_tim.o
      2006          0          0          0          0      24667   stm32f4xx_hal_uart.o
        44          0          0          0          0       2125   stm32f4xx_it.o
        18          0         24          4          0       2614   system_stm32f4xx.o
      2674          8          0          0       1280      29988   tasks.o
       352          0          0          0         72       6118   tim.o
      1174         26          0          0        300      14823   timers.o
      1198         24          0          0          0       4226   transform_3d.o
       374          0          0          0        228       7562   usart.o
       906          0          0          2       4096       5850   w25qxx.o

    ----------------------------------------------------------------------
     43532       1606      22844        100      42048     467591   Object Totals
         0          0         32          0          0          0   (incl. Generated)
       358          0          2          8         39          0   (incl. Padding)

    ----------------------------------------------------------------------

      Code (inc. data)   RO Data    RW Data    ZI Data      Debug   Library Member Name

       864         94         80          0          0        280   asin.o
       744        106        152          0          0        352   atan.o
       512         64          0          0          0        208   atan2.o
       200         20          0          0          0        164   cos.o
       368         46         48          0          0        200   cos_i.o
       104         16          0          0          0        496   dunder.o
        24          0          0          0          0        124   fabs.o
        48          0          0          0          0        124   fpclassify.o
       248          0          0          0          0        152   poly.o
         0          0          8          0          0          0   qnan.o
      1080        142        204          0          0        188   rred.o
       200         20          0          0          0        164   sin.o
       304         24         40          0          0        208   sin_i.o
       110          0          0          0          0        148   sqrt.o
        28          0          0          0          0         68   _chval.o
       158          0          0          0          0         92   _strtoul.o
        26          0          0          0          0         80   atoi.o
         8          4        133          0          0         68   ctype_o.o
         0          0          0          0          0          0   entry.o
         0          0          0          0          0          0   entry10a.o
         0          0          0          0          0          0   entry11a.o
         8          4          0          0          0          0   entry2.o
         4          0          0          0          0          0   entry5.o
         0          0          0          0          0          0   entry7b.o
         0          0          0          0          0          0   entry8b.o
         8          4          0          0          0          0   entry9a.o
        20         10          0          4          0        136   errno.o
        30          0          0          0          0          0   handlers.o
        36          8          0          0          0         68   init.o
         0          0          0          0          0          0   iusefp.o
        98          0          0          0          0         84   ldiv.o
        30          0          0          0          0         68   llshl.o
        36          0          0          0          0         68   llsshr.o
        32          0          0          0          0         68   llushr.o
        26          0          0          0          0         80   memcmp.o
        36          0          0          0          0         68   memcpya.o
        36          0          0          0          0        108   memseta.o
      2308         96          0          0          0        604   printfa.o
        36          6          0          0          0         80   puts.o
        20          0          0          0          0         68   strchr.o
        14          0          0          0          0         68   strlen.o
        30          0          0          0          0         80   strncmp.o
        24          0          0          0          0         76   strncpy.o
        36          0          0          0          0         80   strstr.o
       112          0          0          0          0         88   strtol.o
        44          0          0          0          0         80   uidiv.o
        98          0          0          0          0         92   uldiv.o
        48          0          0          0          0         68   cdcmple.o
        48          0          0          0          0         68   cdrcmple.o
        56          0          0          0          0         88   d2f.o
       334          0          0          0          0        148   dadd.o
       222          0          0          0          0        100   ddiv.o
       186          0          0          0          0        176   depilogue.o
        62          0          0          0          0         80   dfixi.o
        48          0          0          0          0         68   dfixul.o
        34          0          0          0          0         76   dflti.o
        26          0          0          0          0         76   dfltui.o
       228          0          0          0          0         96   dmul.o
       162          0          0          0          0        100   dsqrt.o
        38          0          0          0          0         68   f2d.o
       110          0          0          0          0        168   fepilogue.o

    ----------------------------------------------------------------------
      9764        668        672          4          0       6560   Library Totals
        14          4          7          0          0          0   (incl. Padding)

    ----------------------------------------------------------------------

      Code (inc. data)   RO Data    RW Data    ZI Data      Debug   Library Name

      4806        532        532          0          0       2808   m_wm.l
      3342        132        133          4          0       2372   mc_w.l
      1602          0          0          0          0       1380   mf_w.l

    ----------------------------------------------------------------------
      9764        668        672          4          0       6560   Library Totals

    ----------------------------------------------------------------------

==============================================================================


      Code (inc. data)   RO Data    RW Data    ZI Data      Debug   

     53296       2274      23516        104      42048     469935   Grand Totals
     53296       2274      23516        104      42048     469935   ELF Image Totals
     53296       2274      23516        104          0          0   ROM Totals

==============================================================================

    Total RO  Size (Code + RO Data)                76812 (  75.01kB)
    Total RW  Size (RW Data + ZI Data)             42152 (  41.16kB)
    Total ROM Size (Code + RO Data + RW Data)      76916 (  75.11kB)

==============================================================================

